Component: ARM Compiler 5.05 update 1 (build 106) Tool: armlink [4d0efa]

==============================================================================

Section Cross References

    usbd_cdc.o(i.USBD_CDC_DataOut) refers to usbd_conf.o(i.USBD_LL_GetRxDataSize) for USBD_LL_GetRxDataSize
    usbd_cdc.o(i.USBD_CDC_DeInit) refers to usbd_conf.o(i.USBD_LL_CloseEP) for USBD_LL_CloseEP
    usbd_cdc.o(i.USBD_CDC_DeInit) refers to usbd_conf.o(i.USBD_static_free) for USBD_static_free
    usbd_cdc.o(i.USBD_CDC_GetDeviceQualifierDescriptor) refers to usbd_cdc.o(.data) for .data
    usbd_cdc.o(i.USBD_CDC_GetFSCfgDesc) refers to usbd_cdc.o(.data) for .data
    usbd_cdc.o(i.USBD_CDC_GetHSCfgDesc) refers to usbd_cdc.o(.data) for .data
    usbd_cdc.o(i.USBD_CDC_GetOtherSpeedCfgDesc) refers to usbd_cdc.o(.data) for .data
    usbd_cdc.o(i.USBD_CDC_Init) refers to usbd_conf.o(i.USBD_LL_OpenEP) for USBD_LL_OpenEP
    usbd_cdc.o(i.USBD_CDC_Init) refers to usbd_conf.o(i.USBD_static_malloc) for USBD_static_malloc
    usbd_cdc.o(i.USBD_CDC_Init) refers to usbd_conf.o(i.USBD_LL_PrepareReceive) for USBD_LL_PrepareReceive
    usbd_cdc.o(i.USBD_CDC_ReceivePacket) refers to usbd_conf.o(i.USBD_LL_PrepareReceive) for USBD_LL_PrepareReceive
    usbd_cdc.o(i.USBD_CDC_Setup) refers to usbd_ioreq.o(i.USBD_CtlSendData) for USBD_CtlSendData
    usbd_cdc.o(i.USBD_CDC_Setup) refers to usbd_ioreq.o(i.USBD_CtlPrepareRx) for USBD_CtlPrepareRx
    usbd_cdc.o(i.USBD_CDC_TransmitPacket) refers to usbd_conf.o(i.USBD_LL_Transmit) for USBD_LL_Transmit
    usbd_cdc.o(.data) refers to usbd_cdc.o(i.USBD_CDC_Init) for USBD_CDC_Init
    usbd_cdc.o(.data) refers to usbd_cdc.o(i.USBD_CDC_DeInit) for USBD_CDC_DeInit
    usbd_cdc.o(.data) refers to usbd_cdc.o(i.USBD_CDC_Setup) for USBD_CDC_Setup
    usbd_cdc.o(.data) refers to usbd_cdc.o(i.USBD_CDC_EP0_RxReady) for USBD_CDC_EP0_RxReady
    usbd_cdc.o(.data) refers to usbd_cdc.o(i.USBD_CDC_DataIn) for USBD_CDC_DataIn
    usbd_cdc.o(.data) refers to usbd_cdc.o(i.USBD_CDC_DataOut) for USBD_CDC_DataOut
    usbd_cdc.o(.data) refers to usbd_cdc.o(i.USBD_CDC_GetHSCfgDesc) for USBD_CDC_GetHSCfgDesc
    usbd_cdc.o(.data) refers to usbd_cdc.o(i.USBD_CDC_GetFSCfgDesc) for USBD_CDC_GetFSCfgDesc
    usbd_cdc.o(.data) refers to usbd_cdc.o(i.USBD_CDC_GetOtherSpeedCfgDesc) for USBD_CDC_GetOtherSpeedCfgDesc
    usbd_cdc.o(.data) refers to usbd_cdc.o(i.USBD_CDC_GetDeviceQualifierDescriptor) for USBD_CDC_GetDeviceQualifierDescriptor
    usbd_core.o(i.USBD_DeInit) refers to usbd_conf.o(i.USBD_LL_Stop) for USBD_LL_Stop
    usbd_core.o(i.USBD_DeInit) refers to usbd_conf.o(i.USBD_LL_DeInit) for USBD_LL_DeInit
    usbd_core.o(i.USBD_Init) refers to usbd_conf.o(i.USBD_LL_Init) for USBD_LL_Init
    usbd_core.o(i.USBD_LL_DataInStage) refers to usbd_ioreq.o(i.USBD_CtlContinueSendData) for USBD_CtlContinueSendData
    usbd_core.o(i.USBD_LL_DataInStage) refers to uidiv.o(.text) for __aeabi_uidivmod
    usbd_core.o(i.USBD_LL_DataInStage) refers to usbd_ioreq.o(i.USBD_CtlReceiveStatus) for USBD_CtlReceiveStatus
    usbd_core.o(i.USBD_LL_DataOutStage) refers to usbd_ioreq.o(i.USBD_CtlContinueRx) for USBD_CtlContinueRx
    usbd_core.o(i.USBD_LL_DataOutStage) refers to usbd_ioreq.o(i.USBD_CtlSendStatus) for USBD_CtlSendStatus
    usbd_core.o(i.USBD_LL_Reset) refers to usbd_conf.o(i.USBD_LL_OpenEP) for USBD_LL_OpenEP
    usbd_core.o(i.USBD_LL_SetupStage) refers to usbd_ctlreq.o(i.USBD_ParseSetupRequest) for USBD_ParseSetupRequest
    usbd_core.o(i.USBD_LL_SetupStage) refers to usbd_conf.o(i.USBD_LL_StallEP) for USBD_LL_StallEP
    usbd_core.o(i.USBD_LL_SetupStage) refers to usbd_ctlreq.o(i.USBD_StdDevReq) for USBD_StdDevReq
    usbd_core.o(i.USBD_LL_SetupStage) refers to usbd_ctlreq.o(i.USBD_StdItfReq) for USBD_StdItfReq
    usbd_core.o(i.USBD_LL_SetupStage) refers to usbd_ctlreq.o(i.USBD_StdEPReq) for USBD_StdEPReq
    usbd_core.o(i.USBD_Start) refers to usbd_conf.o(i.USBD_LL_Start) for USBD_LL_Start
    usbd_core.o(i.USBD_Stop) refers to usbd_conf.o(i.USBD_LL_Stop) for USBD_LL_Stop
    usbd_ctlreq.o(i.USBD_CtlError) refers to usbd_conf.o(i.USBD_LL_StallEP) for USBD_LL_StallEP
    usbd_ctlreq.o(i.USBD_GetDescriptor) refers to usbd_ctlreq.o(i.__ARM_common_switch8) for __ARM_common_switch8
    usbd_ctlreq.o(i.USBD_GetDescriptor) refers to usbd_ctlreq.o(i.USBD_CtlError) for USBD_CtlError
    usbd_ctlreq.o(i.USBD_GetDescriptor) refers to usbd_ioreq.o(i.USBD_CtlSendData) for USBD_CtlSendData
    usbd_ctlreq.o(i.USBD_SetConfig) refers to usbd_ctlreq.o(i.USBD_CtlError) for USBD_CtlError
    usbd_ctlreq.o(i.USBD_SetConfig) refers to usbd_core.o(i.USBD_ClrClassConfig) for USBD_ClrClassConfig
    usbd_ctlreq.o(i.USBD_SetConfig) refers to usbd_core.o(i.USBD_SetClassConfig) for USBD_SetClassConfig
    usbd_ctlreq.o(i.USBD_SetConfig) refers to usbd_ioreq.o(i.USBD_CtlSendStatus) for USBD_CtlSendStatus
    usbd_ctlreq.o(i.USBD_SetConfig) refers to usbd_ctlreq.o(.data) for .data
[...]
    can.o(i.is_can_msg_pending) refers to can.o(.data) for .data
    can.o(i.is_can_msg_pending) refers to can.o(.bss) for .bss
    led.o(i.led_on) refers to stm32f0xx_hal.o(i.HAL_GetTick) for HAL_GetTick
    led.o(i.led_on) refers to stm32f0xx_hal_gpio.o(i.HAL_GPIO_WritePin) for HAL_GPIO_WritePin
    led.o(i.led_on) refers to led.o(.data) for .data
    led.o(i.led_process) refers to stm32f0xx_hal.o(i.HAL_GetTick) for HAL_GetTick
    led.o(i.led_process) refers to stm32f0xx_hal_gpio.o(i.HAL_GPIO_WritePin) for HAL_GPIO_WritePin
    led.o(i.led_process) refers to led.o(.data) for .data
    slcan.o(i.parse_command_type) refers to slcan.o(.bss) for .bss
    slcan.o(i.slcan_parse_frame) refers to memseta.o(.text) for __aeabi_memclr
    slcan.o(i.slcan_parse_str) refers to slcan.o(i.ASCII2byte) for ASCII2byte
    slcan.o(i.slcan_parse_str) refers to usbd_ctlreq.o(i.__ARM_common_switch8) for __ARM_common_switch8
    slcan.o(i.slcan_parse_str) refers to slcan.o(i.parse_command_type) for parse_command_type
    slcan.o(i.slcan_parse_str) refers to can.o(i.can_enable) for can_enable
    slcan.o(i.slcan_parse_str) refers to can.o(i.can_disable) for can_disable
    slcan.o(i.slcan_parse_str) refers to slcan.o(i.switch_bitrate_command) for switch_bitrate_command
    slcan.o(i.slcan_parse_str) refers to can.o(i.can_set_silent) for can_set_silent
    slcan.o(i.slcan_parse_str) refers to can.o(i.can_set_filter) for can_set_filter
    slcan.o(i.slcan_parse_str) refers to can.o(i.can_tx) for can_tx
    slcan.o(i.slcan_parse_str) refers to memseta.o(.text) for __aeabi_memclr4
    slcan.o(i.slcan_parse_str) refers to slcan.o(.data) for .data
    slcan.o(i.slcan_parse_str) refers to slcan.o(.bss) for .bss
    slcan.o(i.switch_bitrate_command) refers to usbd_ctlreq.o(i.__ARM_common_switch8) for __ARM_common_switch8
    slcan.o(i.switch_bitrate_command) refers to can.o(i.can_set_bitrate) for can_set_bitrate
    entry.o(.ARM.Collect$$$$00000000) refers (Special) to entry10a.o(.ARM.Collect$$$$0000000D) for __rt_final_cpp
    entry.o(.ARM.Collect$$$$00000000) refers (Special) to entry11a.o(.ARM.Collect$$$$0000000F) for __rt_final_exit
    entry.o(.ARM.Collect$$$$00000000) refers (Special) to entry7b.o(.ARM.Collect$$$$00000008) for _main_clock
    entry.o(.ARM.Collect$$$$00000000) refers (Special) to entry8b.o(.ARM.Collect$$$$0000000A) for _main_cpp_init
    entry.o(.ARM.Collect$$$$00000000) refers (Special) to entry9a.o(.ARM.Collect$$$$0000000B) for _main_init
    entry.o(.ARM.Collect$$$$00000000) refers (Special) to entry5.o(.ARM.Collect$$$$00000004) for _main_scatterload
    entry.o(.ARM.Collect$$$$00000000) refers (Special) to entry2.o(.ARM.Collect$$$$00000001) for _main_stk
    entry2.o(.ARM.Collect$$$$00000001) refers to entry2.o(.ARM.Collect$$$$00002712) for __lit__00000000
    entry2.o(.ARM.Collect$$$$00002712) refers to startup_stm32f042x6.o(STACK) for __initial_sp
    entry2.o(__vectab_stack_and_reset_area) refers to startup_stm32f042x6.o(STACK) for __initial_sp
    entry2.o(__vectab_stack_and_reset_area) refers to entry.o(.ARM.Collect$$$$00000000) for __main
    entry5.o(.ARM.Collect$$$$00000004) refers to init.o(.text) for __scatterload
    entry9a.o(.ARM.Collect$$$$0000000B) refers to main.o(i.main) for main
    entry9b.o(.ARM.Collect$$$$0000000C) refers to main.o(i.main) for main
    init.o(.text) refers to entry5.o(.ARM.Collect$$$$00000004) for __main_after_scatterload


==============================================================================

Removing Unused input sections from the image.

    Removing usbd_cdc.o(.rev16_text), (4 bytes).
    Removing usbd_cdc.o(.revsh_text), (4 bytes).
    Removing usbd_core.o(.rev16_text), (4 bytes).
    Removing usbd_core.o(.revsh_text), (4 bytes).
    Removing usbd_core.o(i.USBD_DeInit), (42 bytes).
    Removing usbd_core.o(i.USBD_LL_DevConnected), (4 bytes).
    Removing usbd_core.o(i.USBD_LL_DevDisconnected), (26 bytes).
    Removing usbd_core.o(i.USBD_LL_IsoINIncomplete), (4 bytes).
    Removing usbd_core.o(i.USBD_LL_IsoOUTIncomplete), (4 bytes).
    Removing usbd_core.o(i.USBD_RunTestMode), (4 bytes).
    Removing usbd_core.o(i.USBD_Stop), (30 bytes).
    Removing usbd_ctlreq.o(.rev16_text), (4 bytes).
    Removing usbd_ctlreq.o(.revsh_text), (4 bytes).
    Removing usbd_ioreq.o(.rev16_text), (4 bytes).
    Removing usbd_ioreq.o(.revsh_text), (4 bytes).
    Removing usbd_ioreq.o(i.USBD_GetRxCount), (10 bytes).
    Removing system_stm32f0xx.o(.rev16_text), (4 bytes).
    Removing system_stm32f0xx.o(.revsh_text), (4 bytes).
    Removing system_stm32f0xx.o(i.SystemCoreClockUpdate), (120 bytes).
    Removing stm32f0xx_hal_flash_ex.o(.rev16_text), (4 bytes).
    Removing stm32f0xx_hal_flash_ex.o(.revsh_text), (4 bytes).
    Removing stm32f0xx_hal_flash_ex.o(i.FLASH_MassErase), (28 bytes).
    Removing stm32f0xx_hal_flash_ex.o(i.HAL_FLASHEx_Erase), (160 bytes).
    Removing stm32f0xx_hal_flash_ex.o(i.HAL_FLASHEx_Erase_IT), (76 bytes).
    Removing stm32f0xx_hal_flash_ex.o(i.HAL_FLASHEx_OBErase), (96 bytes).
    Removing stm32f0xx_hal_flash_ex.o(i.HAL_FLASHEx_OBGetConfig), (36 bytes).
    Removing stm32f0xx_hal_flash_ex.o(i.HAL_FLASHEx_OBProgram), (284 bytes).
    Removing stm32f0xx_hal_gpio.o(.rev16_text), (4 bytes).
    Removing stm32f0xx_hal_gpio.o(.revsh_text), (4 bytes).
    Removing stm32f0xx_hal_gpio.o(i.HAL_GPIO_DeInit), (192 bytes).
    Removing stm32f0xx_hal_gpio.o(i.HAL_GPIO_EXTI_Callback), (2 bytes).
    Removing stm32f0xx_hal_gpio.o(i.HAL_GPIO_EXTI_IRQHandler), (24 bytes).
    Removing stm32f0xx_hal_gpio.o(i.HAL_GPIO_LockPin), (36 bytes).
    Removing stm32f0xx_hal_gpio.o(i.HAL_GPIO_ReadPin), (10 bytes).
    Removing stm32f0xx_hal_gpio.o(i.HAL_GPIO_TogglePin), (8 bytes).
    Removing stm32f0xx_hal_pwr_ex.o(.rev16_text), (4 bytes).
    Removing stm32f0xx_hal_pwr_ex.o(.revsh_text), (4 bytes).
    Removing stm32f0xx_hal_pwr_ex.o(i.HAL_PWR_DisablePVD), (16 bytes).
    Removing stm32f0xx_hal_pwr_ex.o(i.HAL_PWR_DisableVddio2Monitor), (32 bytes).
    Removing stm32f0xx_hal_pwr_ex.o(i.HAL_PWR_EnablePVD), (16 bytes).
    Removing stm32f0xx_hal_pwr_ex.o(i.HAL_PWR_EnableVddio2Monitor), (24 bytes).
    Removing stm32f0xx_hal_pwr_ex.o(i.HAL_PWR_PVDCallback), (2 bytes).
    Removing stm32f0xx_hal_pwr_ex.o(i.HAL_PWR_PVDConfig), (104 bytes).
    Removing stm32f0xx_hal_pwr_ex.o(i.HAL_PWR_PVD_IRQHandler), (28 bytes).
    Removing stm32f0xx_hal_pwr_ex.o(i.HAL_PWR_Vddio2MonitorCallback), (2 bytes).
    Removing stm32f0xx_hal_pwr_ex.o(i.HAL_PWR_Vddio2Monitor_IRQHandler), (24 bytes).
    Removing stm32f0xx_hal_dma.o(.rev16_text), (4 bytes).
    Removing stm32f0xx_hal_dma.o(.revsh_text), (4 bytes).
    Removing stm32f0xx_hal_dma.o(i.DMA_SetConfig), (30 bytes).
    Removing stm32f0xx_hal_dma.o(i.HAL_DMA_Abort), (76 bytes).
    Removing stm32f0xx_hal_dma.o(i.HAL_DMA_DeInit), (216 bytes).
    Removing stm32f0xx_hal_dma.o(i.HAL_DMA_GetError), (4 bytes).
    Removing stm32f0xx_hal_dma.o(i.HAL_DMA_GetState), (6 bytes).
    Removing stm32f0xx_hal_dma.o(i.HAL_DMA_IRQHandler), (476 bytes).
    Removing stm32f0xx_hal_dma.o(i.HAL_DMA_Init), (76 bytes).
    Removing stm32f0xx_hal_dma.o(i.HAL_DMA_PollForTransfer), (452 bytes).
    Removing stm32f0xx_hal_dma.o(i.HAL_DMA_Start), (50 bytes).
    Removing stm32f0xx_hal_dma.o(i.HAL_DMA_Start_IT), (78 bytes).
    Removing stm32f0xx_hal_pcd_ex.o(.rev16_text), (4 bytes).
    Removing stm32f0xx_hal_pcd_ex.o(.revsh_text), (4 bytes).
    Removing stm32f0xx_hal_pcd.o(.rev16_text), (4 bytes).
    Removing stm32f0xx_hal_pcd.o(.revsh_text), (4 bytes).
    Removing stm32f0xx_hal_pcd.o(i.HAL_PCD_ActiveRemoteWakeup), (16 bytes).
    Removing stm32f0xx_hal_pcd.o(i.HAL_PCD_ConnectCallback), (2 bytes).
    Removing stm32f0xx_hal_pcd.o(i.HAL_PCD_DataInStageCallback), (2 bytes).
    Removing stm32f0xx_hal_pcd.o(i.HAL_PCD_DataOutStageCallback), (2 bytes).
    Removing stm32f0xx_hal_pcd.o(i.HAL_PCD_DeActiveRemoteWakeup), (16 bytes).
    Removing stm32f0xx_hal_pcd.o(i.HAL_PCD_DeInit), (40 bytes).
    Removing stm32f0xx_hal_pcd.o(i.HAL_PCD_DevConnect), (40 bytes).
    Removing stm32f0xx_hal_pcd.o(i.HAL_PCD_DevDisconnect), (38 bytes).
    Removing stm32f0xx_hal_pcd.o(i.HAL_PCD_DisconnectCallback), (2 bytes).
    Removing stm32f0xx_hal_pcd.o(i.HAL_PCD_EP_Flush), (4 bytes).
    Removing stm32f0xx_hal_pcd.o(i.HAL_PCD_GetState), (8 bytes).
    Removing stm32f0xx_hal_pcd.o(i.HAL_PCD_ISOINIncompleteCallback), (2 bytes).
    Removing stm32f0xx_hal_pcd.o(i.HAL_PCD_ISOOUTIncompleteCallback), (2 bytes).
    Removing stm32f0xx_hal_pcd.o(i.HAL_PCD_MspDeInit), (2 bytes).
    Removing stm32f0xx_hal_pcd.o(i.HAL_PCD_MspInit), (2 bytes).
    Removing stm32f0xx_hal_pcd.o(i.HAL_PCD_ResetCallback), (2 bytes).
    Removing stm32f0xx_hal_pcd.o(i.HAL_PCD_ResumeCallback), (2 bytes).
    Removing stm32f0xx_hal_pcd.o(i.HAL_PCD_SOFCallback), (2 bytes).
    Removing stm32f0xx_hal_pcd.o(i.HAL_PCD_SetupStageCallback), (2 bytes).
    Removing stm32f0xx_hal_pcd.o(i.HAL_PCD_Stop), (48 bytes).
    Removing stm32f0xx_hal_pcd.o(i.HAL_PCD_SuspendCallback), (2 bytes).
    Removing stm32f0xx_hal_flash.o(.rev16_text), (4 bytes).
    Removing stm32f0xx_hal_flash.o(.revsh_text), (4 bytes).
    Removing stm32f0xx_hal_flash.o(i.FLASH_PageErase), (32 bytes).
    Removing stm32f0xx_hal_flash.o(i.FLASH_Program_HalfWord), (24 bytes).
    Removing stm32f0xx_hal_flash.o(i.FLASH_SetErrorCode), (40 bytes).
    Removing stm32f0xx_hal_flash.o(i.FLASH_WaitForLastOperation), (72 bytes).
    Removing stm32f0xx_hal_flash.o(i.HAL_FLASH_EndOfOperationCallback), (2 bytes).
    Removing stm32f0xx_hal_flash.o(i.HAL_FLASH_GetError), (12 bytes).
    Removing stm32f0xx_hal_flash.o(i.HAL_FLASH_IRQHandler), (224 bytes).
    Removing stm32f0xx_hal_flash.o(i.HAL_FLASH_Lock), (20 bytes).
    Removing stm32f0xx_hal_flash.o(i.HAL_FLASH_OB_Launch), (32 bytes).
    Removing stm32f0xx_hal_flash.o(i.HAL_FLASH_OB_Lock), (20 bytes).
    Removing stm32f0xx_hal_flash.o(i.HAL_FLASH_OB_Unlock), (36 bytes).
    Removing stm32f0xx_hal_flash.o(i.HAL_FLASH_OperationErrorCallback), (2 bytes).
    Removing stm32f0xx_hal_flash.o(i.HAL_FLASH_Program), (132 bytes).
    Removing stm32f0xx_hal_flash.o(i.HAL_FLASH_Program_IT), (100 bytes).
    Removing stm32f0xx_hal_flash.o(i.HAL_FLASH_Unlock), (36 bytes).
    Removing stm32f0xx_hal_flash.o(.bss), (32 bytes).
    Removing stm32f0xx_hal_cortex.o(.rev16_text), (4 bytes).
    Removing stm32f0xx_hal_cortex.o(.revsh_text), (4 bytes).
    Removing stm32f0xx_hal_cortex.o(i.HAL_NVIC_ClearPendingIRQ), (20 bytes).
    Removing stm32f0xx_hal_cortex.o(i.HAL_NVIC_DisableIRQ), (20 bytes).
    Removing stm32f0xx_hal_cortex.o(i.HAL_NVIC_GetPendingIRQ), (28 bytes).
    Removing stm32f0xx_hal_cortex.o(i.HAL_NVIC_GetPriority), (52 bytes).
    Removing stm32f0xx_hal_cortex.o(i.HAL_NVIC_SetPendingIRQ), (20 bytes).
    Removing stm32f0xx_hal_cortex.o(i.HAL_NVIC_SystemReset), (24 bytes).
    Removing stm32f0xx_hal_can.o(.rev16_text), (4 bytes).
    Removing stm32f0xx_hal_can.o(.revsh_text), (4 bytes).
    Removing stm32f0xx_hal_can.o(i.CAN_Receive_IT), (304 bytes).
    Removing stm32f0xx_hal_can.o(i.CAN_Transmit_IT), (96 bytes).
    Removing stm32f0xx_hal_can.o(i.HAL_CAN_DeInit), (32 bytes).
    Removing stm32f0xx_hal_can.o(i.HAL_CAN_ErrorCallback), (2 bytes).
    Removing stm32f0xx_hal_can.o(i.HAL_CAN_GetError), (4 bytes).
    Removing stm32f0xx_hal_can.o(i.HAL_CAN_GetState), (6 bytes).
    Removing stm32f0xx_hal_can.o(i.HAL_CAN_IRQHandler), (328 bytes).
    Removing stm32f0xx_hal_can.o(i.HAL_CAN_MspDeInit), (2 bytes).
    Removing stm32f0xx_hal_can.o(i.HAL_CAN_MspInit), (2 bytes).
    Removing stm32f0xx_hal_can.o(i.HAL_CAN_Receive_IT), (126 bytes).
    Removing stm32f0xx_hal_can.o(i.HAL_CAN_RxCpltCallback), (2 bytes).
    Removing stm32f0xx_hal_can.o(i.HAL_CAN_Sleep), (106 bytes).
    Removing stm32f0xx_hal_can.o(i.HAL_CAN_Transmit_IT), (322 bytes).
    Removing stm32f0xx_hal_can.o(i.HAL_CAN_TxCpltCallback), (2 bytes).
    Removing stm32f0xx_hal_can.o(i.HAL_CAN_WakeUp), (94 bytes).
    Removing stm32f0xx_hal.o(.rev16_text), (4 bytes).
    Removing stm32f0xx_hal.o(.revsh_text), (4 bytes).
    Removing stm32f0xx_hal.o(i.HAL_DeInit), (36 bytes).
    Removing stm32f0xx_hal.o(i.HAL_DisableDBGStandbyMode), (16 bytes).
    Removing stm32f0xx_hal.o(i.HAL_DisableDBGStopMode), (16 bytes).
    Removing stm32f0xx_hal.o(i.HAL_EnableDBGStandbyMode), (16 bytes).
    Removing stm32f0xx_hal.o(i.HAL_EnableDBGStopMode), (16 bytes).
    Removing stm32f0xx_hal.o(i.HAL_GetDEVID), (16 bytes).
    Removing stm32f0xx_hal.o(i.HAL_GetHalVersion), (8 bytes).
    Removing stm32f0xx_hal.o(i.HAL_GetREVID), (12 bytes).
    Removing stm32f0xx_hal.o(i.HAL_MspDeInit), (2 bytes).
    Removing stm32f0xx_hal.o(i.HAL_MspInit), (2 bytes).
    Removing stm32f0xx_hal.o(i.HAL_ResumeTick), (16 bytes).
    Removing stm32f0xx_hal.o(i.HAL_SuspendTick), (16 bytes).
    Removing stm32f0xx_hal_rcc_ex.o(.rev16_text), (4 bytes).
    Removing stm32f0xx_hal_rcc_ex.o(.revsh_text), (4 bytes).
    Removing stm32f0xx_hal_rcc_ex.o(i.HAL_RCCEx_CRSConfig), (124 bytes).
    Removing stm32f0xx_hal_rcc_ex.o(i.HAL_RCCEx_CRSGetSynchronizationInfo), (40 bytes).
    Removing stm32f0xx_hal_rcc_ex.o(i.HAL_RCCEx_CRSSoftwareSynchronizationGenerate), (16 bytes).
    Removing stm32f0xx_hal_rcc_ex.o(i.HAL_RCCEx_CRSWaitSynchronization), (148 bytes).
    Removing stm32f0xx_hal_rcc_ex.o(i.HAL_RCCEx_GetPeriphCLKConfig), (76 bytes).
    Removing stm32f0xx_hal_rcc.o(.rev16_text), (4 bytes).
    Removing stm32f0xx_hal_rcc.o(.revsh_text), (4 bytes).
    Removing stm32f0xx_hal_rcc.o(i.HAL_RCC_CCSCallback), (2 bytes).
    Removing stm32f0xx_hal_rcc.o(i.HAL_RCC_ClockConfig), (4 bytes).
    Removing stm32f0xx_hal_rcc.o(i.HAL_RCC_DeInit), (60 bytes).
    Removing stm32f0xx_hal_rcc.o(i.HAL_RCC_DisableCSS), (20 bytes).
    Removing stm32f0xx_hal_rcc.o(i.HAL_RCC_EnableCSS), (20 bytes).
    Removing stm32f0xx_hal_rcc.o(i.HAL_RCC_GetClockConfig), (56 bytes).
    Removing stm32f0xx_hal_rcc.o(i.HAL_RCC_GetOscConfig), (168 bytes).
    Removing stm32f0xx_hal_rcc.o(i.HAL_RCC_GetPCLK1Freq), (32 bytes).
    Removing stm32f0xx_hal_rcc.o(i.HAL_RCC_GetSysClockFreq), (4 bytes).
    Removing stm32f0xx_hal_rcc.o(i.HAL_RCC_MCOConfig), (72 bytes).
    Removing stm32f0xx_hal_rcc.o(i.HAL_RCC_NMI_IRQHandler), (24 bytes).
    Removing stm32f0xx_hal_rcc.o(i.HAL_RCC_OscConfig), (4 bytes).
    Removing stm32f0xx_hal_pwr.o(.rev16_text), (4 bytes).
    Removing stm32f0xx_hal_pwr.o(.revsh_text), (4 bytes).
    Removing stm32f0xx_hal_pwr.o(i.HAL_PWR_DeInit), (24 bytes).
    Removing stm32f0xx_hal_pwr.o(i.HAL_PWR_DisableBkUpAccess), (16 bytes).
    Removing stm32f0xx_hal_pwr.o(i.HAL_PWR_DisableWakeUpPin), (20 bytes).
    Removing stm32f0xx_hal_pwr.o(i.HAL_PWR_EnableBkUpAccess), (16 bytes).
    Removing stm32f0xx_hal_pwr.o(i.HAL_PWR_EnableWakeUpPin), (20 bytes).
    Removing stm32f0xx_hal_pwr.o(i.HAL_PWR_EnterSLEEPMode), (48 bytes).
    Removing stm32f0xx_hal_pwr.o(i.HAL_PWR_EnterSTANDBYMode), (32 bytes).
    Removing stm32f0xx_hal_pwr.o(i.HAL_PWR_EnterSTOPMode), (52 bytes).
    Removing startup_stm32f042x6.o(HEAP), (512 bytes).
    Removing usbd_cdc_if.o(.rev16_text), (4 bytes).
    Removing usbd_cdc_if.o(.revsh_text), (4 bytes).
    Removing usbd_conf.o(.rev16_text), (4 bytes).
    Removing usbd_conf.o(.revsh_text), (4 bytes).
    Removing usbd_conf.o(i.HAL_PCDEx_SetConnectionState), (2 bytes).
    Removing usbd_conf.o(i.HAL_PCD_ConnectCallback), (16 bytes).
    Removing usbd_conf.o(i.HAL_PCD_DisconnectCallback), (16 bytes).
    Removing usbd_conf.o(i.HAL_PCD_ISOINIncompleteCallback), (16 bytes).
    Removing usbd_conf.o(i.HAL_PCD_ISOOUTIncompleteCallback), (16 bytes).
    Removing usbd_conf.o(i.HAL_PCD_MspDeInit), (40 bytes).
    Removing usbd_conf.o(i.USBD_LL_DeInit), (18 bytes).
    Removing usbd_conf.o(i.USBD_LL_Delay), (8 bytes).
    Removing usbd_conf.o(i.USBD_LL_FlushEP), (18 bytes).
    Removing usbd_conf.o(i.USBD_LL_Stop), (18 bytes).
    Removing stm32f0xx_it.o(.rev16_text), (4 bytes).
    Removing stm32f0xx_it.o(.revsh_text), (4 bytes).
    Removing main.o(.rev16_text), (4 bytes).
    Removing main.o(.revsh_text), (4 bytes).
    Removing usbd_desc.o(.rev16_text), (4 bytes).
    Removing usbd_desc.o(.revsh_text), (4 bytes).
    Removing usb_device.o(.rev16_text), (4 bytes).
    Removing usb_device.o(.revsh_text), (4 bytes).
    Removing stm32f0xx_hal_msp.o(.rev16_text), (4 bytes).
    Removing stm32f0xx_hal_msp.o(.revsh_text), (4 bytes).
    Removing stm32f0xx_hal_msp.o(i.HAL_CAN_MspDeInit), (48 bytes).
    Removing can.o(.rev16_text), (4 bytes).
    Removing can.o(.revsh_text), (4 bytes).
    Removing led.o(.rev16_text), (4 bytes).
    Removing led.o(.revsh_text), (4 bytes).
    Removing slcan.o(.rev16_text), (4 bytes).
    Removing slcan.o(.revsh_text), (4 bytes).

203 unused section(s) (total 7774 bytes) removed from the image.

==============================================================================

Image Symbol Table

    Local Symbols

    Symbol Name                              Value     Ov Type        Size  Object(Section)

    ../../Drivers/STM32F0xx_HAL_Driver/Src/stm32f0xx_hal.c 0x00000000   Number         0  stm32f0xx_hal.o ABSOLUTE
    ../../Drivers/STM32F0xx_HAL_Driver/Src/stm32f0xx_hal_can.c 0x00000000   Number         0  stm32f0xx_hal_can.o ABSOLUTE
    ../../Drivers/STM32F0xx_HAL_Driver/Src/stm32f0xx_hal_cortex.c 0x00000000   Number         0  stm32f0xx_hal_cortex.o ABSOLUTE
    ../../Drivers/STM32F0xx_HAL_Driver/Src/stm32f0xx_hal_dma.c 0x00000000   Number         0  stm32f0xx_hal_dma.o ABSOLUTE
    ../../Drivers/STM32F0xx_HAL_Driver/Src/stm32f0xx_hal_flash.c 0x00000000   Number         0  stm32f0xx_hal_flash.o ABSOLUTE
    ../../Drivers/STM32F0xx_HAL_Driver/Src/stm32f0xx_hal_flash_ex.c 0x00000000   Number         0  stm32f0xx_hal_flash_ex.o ABSOLUTE
    ../../Drivers/STM32F0xx_HAL_Driver/Src/stm32f0xx_hal_gpio.c 0x00000000   Number         0  stm32f0xx_hal_gpio.o ABSOLUTE
    ../../Drivers/STM32F0xx_HAL_Driver/Src/stm32f0xx_hal_pcd.c 0x00000000   Number         0  stm32f0xx_hal_pcd.o ABSOLUTE
    ../../Drivers/STM32F0xx_HAL_Driver/Src/stm32f0xx_hal_pcd_ex.c 0x00000000   Number         0  stm32f0xx_hal_pcd_ex.o ABSOLUTE
    ../../Drivers/STM32F0xx_HAL_Driver/Src/stm32f0xx_hal_pwr.c 0x00000000   Number         0  stm32f0xx_hal_pwr.o ABSOLUTE
    ../../Drivers/STM32F0xx_HAL_Driver/Src/stm32f0xx_hal_pwr_ex.c 0x00000000   Number         0  stm32f0xx_hal_pwr_ex.o ABSOLUTE
    ../../Drivers/STM32F0xx_HAL_Driver/Src/stm32f0xx_hal_rcc.c 0x00000000   Number         0  stm32f0xx_hal_rcc.o ABSOLUTE
    ../../Drivers/STM32F0xx_HAL_Driver/Src/stm32f0xx_hal_rcc_ex.c 0x00000000   Number         0  stm32f0xx_hal_rcc_ex.o ABSOLUTE
    ../../Middlewares/ST/STM32_USB_Device_Library/Class/CDC/Src/usbd_cdc.c 0x00000000   Number         0  usbd_cdc.o ABSOLUTE
    ../../Middlewares/ST/STM32_USB_Device_Library/Core/Src/usbd_core.c 0x00000000   Number         0  usbd_core.o ABSOLUTE
    ../../Middlewares/ST/STM32_USB_Device_Library/Core/Src/usbd_ctlreq.c 0x00000000   Number         0  usbd_ctlreq.o ABSOLUTE
    ../../Middlewares/ST/STM32_USB_Device_Library/Core/Src/usbd_ioreq.c 0x00000000   Number         0  usbd_ioreq.o ABSOLUTE
    ../../Src/main.c                         0x00000000   Number         0  main.o ABSOLUTE
    ../../Src/stm32f0xx_hal_msp.c            0x00000000   Number         0  stm32f0xx_hal_msp.o ABSOLUTE
    ../../Src/stm32f0xx_it.c                 0x00000000   Number         0  stm32f0xx_it.o ABSOLUTE
    ../../Src/system_stm32f0xx.c             0x00000000   Number         0  system_stm32f0xx.o ABSOLUTE
    ../../Src/usb_device.c                   0x00000000   Number         0  usb_device.o ABSOLUTE
    ../../Src/usbd_cdc_if.c                  0x00000000   Number         0  usbd_cdc_if.o ABSOLUTE
    ../../Src/usbd_conf.c                    0x00000000   Number         0  usbd_conf.o ABSOLUTE
    ../../Src/usbd_desc.c                    0x00000000   Number         0  usbd_desc.o ABSOLUTE
    ../clib/../cmprslib/zerorunl2.c          0x00000000   Number         0  __dczerorl2.o ABSOLUTE
    ../clib/microlib/division.c              0x00000000   Number         0  uidiv.o ABSOLUTE
    ../clib/microlib/init/entry.s            0x00000000   Number         0  entry11a.o ABSOLUTE
    ../clib/microlib/init/entry.s            0x00000000   Number         0  entry9a.o ABSOLUTE
    ../clib/microlib/init/entry.s            0x00000000   Number         0  entry2.o ABSOLUTE
    ../clib/microlib/init/entry.s            0x00000000   Number         0  entry8b.o ABSOLUTE
    ../clib/microlib/init/entry.s            0x00000000   Number         0  entry8a.o ABSOLUTE
    ../clib/microlib/init/entry.s            0x00000000   Number         0  entry.o ABSOLUTE
    ../clib/microlib/init/entry.s            0x00000000   Number         0  entry11b.o ABSOLUTE
    ../clib/microlib/init/entry.s            0x00000000   Number         0  entry7b.o ABSOLUTE
    ../clib/microlib/init/entry.s            0x00000000   Number         0  entry10b.o ABSOLUTE
    ../clib/microlib/init/entry.s            0x00000000   Number         0  entry7a.o ABSOLUTE
    ../clib/microlib/init/entry.s            0x00000000   Number         0  entry10a.o ABSOLUTE
    ../clib/microlib/init/entry.s            0x00000000   Number         0  entry9b.o ABSOLUTE
    ../clib/microlib/init/entry.s            0x00000000   Number         0  entry5.o ABSOLUTE
    ../clib/microlib/longlong.c              0x00000000   Number         0  llushr.o ABSOLUTE
    ../clib/microlib/string/memset.c         0x00000000   Number         0  memseta.o ABSOLUTE
    ..\..\Drivers\STM32F0xx_HAL_Driver\Src\stm32f0xx_hal.c 0x00000000   Number         0  stm32f0xx_hal.o ABSOLUTE
    ..\..\Drivers\STM32F0xx_HAL_Driver\Src\stm32f0xx_hal_can.c 0x00000000   Number         0  stm32f0xx_hal_can.o ABSOLUTE
    ..\..\Drivers\STM32F0xx_HAL_Driver\Src\stm32f0xx_hal_cortex.c 0x00000000   Number         0  stm32f0xx_hal_cortex.o ABSOLUTE
    ..\..\Drivers\STM32F0xx_HAL_Driver\Src\stm32f0xx_hal_dma.c 0x00000000   Number         0  stm32f0xx_hal_dma.o ABSOLUTE
    ..\..\Drivers\STM32F0xx_HAL_Driver\Src\stm32f0xx_hal_flash.c 0x00000000   Number         0  stm32f0xx_hal_flash.o ABSOLUTE
    ..\..\Drivers\STM32F0xx_HAL_Driver\Src\stm32f0xx_hal_flash_ex.c 0x00000000   Number         0  stm32f0xx_hal_flash_ex.o ABSOLUTE
    ..\..\Drivers\STM32F0xx_HAL_Driver\Src\stm32f0xx_hal_gpio.c 0x00000000   Number         0  stm32f0xx_hal_gpio.o ABSOLUTE
    ..\..\Drivers\STM32F0xx_HAL_Driver\Src\stm32f0xx_hal_pcd.c 0x00000000   Number         0  stm32f0xx_hal_pcd.o ABSOLUTE
    ..\..\Drivers\STM32F0xx_HAL_Driver\Src\stm32f0xx_hal_pcd_ex.c 0x00000000   Number         0  stm32f0xx_hal_pcd_ex.o ABSOLUTE
    ..\..\Drivers\STM32F0xx_HAL_Driver\Src\stm32f0xx_hal_pwr.c 0x00000000   Number         0  stm32f0xx_hal_pwr.o ABSOLUTE
    ..\..\Drivers\STM32F0xx_HAL_Driver\Src\stm32f0xx_hal_pwr_ex.c 0x00000000   Number         0  stm32f0xx_hal_pwr_ex.o ABSOLUTE
    ..\..\Drivers\STM32F0xx_HAL_Driver\Src\stm32f0xx_hal_rcc.c 0x00000000   Number         0  stm32f0xx_hal_rcc.o ABSOLUTE
    ..\..\Drivers\STM32F0xx_HAL_Driver\Src\stm32f0xx_hal_rcc_ex.c 0x00000000   Number         0  stm32f0xx_hal_rcc_ex.o ABSOLUTE
    ..\..\Middlewares\ST\STM32_USB_Device_Library\Class\CDC\Src\usbd_cdc.c 0x00000000   Number         0  usbd_cdc.o ABSOLUTE
    ..\..\Middlewares\ST\STM32_USB_Device_Library\Core\Src\usbd_core.c 0x00000000   Number         0  usbd_core.o ABSOLUTE
    ..\..\Middlewares\ST\STM32_USB_Device_Library\Core\Src\usbd_ctlreq.c 0x00000000   Number         0  usbd_ctlreq.o ABSOLUTE
    ..\..\Middlewares\ST\STM32_USB_Device_Library\Core\Src\usbd_ioreq.c 0x00000000   Number         0  usbd_ioreq.o ABSOLUTE
    ..\..\Src\can.c                          0x00000000   Number         0  can.o ABSOLUTE
    ..\..\Src\led.c                          0x00000000   Number         0  led.o ABSOLUTE
    ..\..\Src\main.c                         0x00000000   Number         0  main.o ABSOLUTE
    ..\..\Src\slcan.c                        0x00000000   Number         0  slcan.o ABSOLUTE
    ..\..\Src\stm32f0xx_hal_msp.c            0x00000000   Number         0  stm32f0xx_hal_msp.o ABSOLUTE
    ..\..\Src\stm32f0xx_it.c                 0x00000000   Number         0  stm32f0xx_it.o ABSOLUTE
    ..\..\Src\system_stm32f0xx.c             0x00000000   Number         0  system_stm32f0xx.o ABSOLUTE
    ..\..\Src\usb_device.c                   0x00000000   Number         0  usb_device.o ABSOLUTE
    ..\..\Src\usbd_cdc_if.c                  0x00000000   Number         0  usbd_cdc_if.o ABSOLUTE
    ..\..\Src\usbd_conf.c                    0x00000000   Number         0  usbd_conf.o ABSOLUTE
    ..\..\Src\usbd_desc.c                    0x00000000   Number         0  usbd_desc.o ABSOLUTE
    ..\\..\\Src\\can.c                       0x00000000   Number         0  can.o ABSOLUTE
    ..\\..\\Src\\led.c                       0x00000000   Number         0  led.o ABSOLUTE
    ..\\..\\Src\\slcan.c                     0x00000000   Number         0  slcan.o ABSOLUTE
    dc.s                                     0x00000000   Number         0  dc.o ABSOLUTE
    handlers.s                               0x00000000   Number         0  handlers.o ABSOLUTE
    init.s                                   0x00000000   Number         0  init.o ABSOLUTE
    startup_stm32f042x6.s                    0x00000000   Number         0  startup_stm32f042x6.o ABSOLUTE
    RESET                                    0x08000000   Section      192  startup_stm32f042x6.o(RESET)
    .ARM.Collect$$$$00000000                 0x080000c0   Section        0  entry.o(.ARM.Collect$$$$00000000)
    .ARM.Collect$$$$00000001                 0x080000c0   Section        4  entry2.o(.ARM.Collect$$$$00000001)
    .ARM.Collect$$$$00000004                 0x080000c4   Section        4  entry5.o(.ARM.Collect$$$$00000004)
    .ARM.Collect$$$$00000008                 0x080000c8   Section        0  entry7b.o(.ARM.Collect$$$$00000008)
    .ARM.Collect$$$$0000000A                 0x080000c8   Section        0  entry8b.o(.ARM.Collect$$$$0000000A)
    .ARM.Collect$$$$0000000B                 0x080000c8   Section        8  entry9a.o(.ARM.Collect$$$$0000000B)
    .ARM.Collect$$$$0000000D                 0x080000d0   Section        0  entry10a.o(.ARM.Collect$$$$0000000D)
    .ARM.Collect$$$$0000000F                 0x080000d0   Section        0  entry11a.o(.ARM.Collect$$$$0000000F)
    .ARM.Collect$$$$00002712                 0x080000d0   Section        4  entry2.o(.ARM.Collect$$$$00002712)
    __lit__00000000                          0x080000d0   Data           4  entry2.o(.ARM.Collect$$$$00002712)
    .text                                    0x080000d4   Section       28  startup_stm32f042x6.o(.text)
    .text                                    0x080000f0   Section        0  uidiv.o(.text)
    .text                                    0x0800011c   Section        0  memseta.o(.text)
    .text                                    0x08000140   Section       36  init.o(.text)
    .text                                    0x08000164   Section        0  __dczerorl2.o(.text)
    i.ASCII2byte                             0x080001ba   Section        0  slcan.o(i.ASCII2byte)
    i.CDC_Control_FS                         0x080001d8   Section        0  usbd_cdc_if.o(i.CDC_Control_FS)
    CDC_Control_FS                           0x080001d9   Thumb Code    38  usbd_cdc_if.o(i.CDC_Control_FS)
    i.CDC_DeInit_FS                          0x080001fe   Section        0  usbd_cdc_if.o(i.CDC_DeInit_FS)
    CDC_DeInit_FS                            0x080001ff   Thumb Code     4  usbd_cdc_if.o(i.CDC_DeInit_FS)
    i.CDC_Init_FS                            0x08000204   Section        0  usbd_cdc_if.o(i.CDC_Init_FS)
    CDC_Init_FS                              0x08000205   Thumb Code    18  usbd_cdc_if.o(i.CDC_Init_FS)
    i.CDC_Receive_FS                         0x08000224   Section        0  usbd_cdc_if.o(i.CDC_Receive_FS)
    CDC_Receive_FS                           0x08000225   Thumb Code    62  usbd_cdc_if.o(i.CDC_Receive_FS)
    i.CDC_Transmit_FS                        0x08000274   Section        0  usbd_cdc_if.o(i.CDC_Transmit_FS)
    i.HAL_CAN_ConfigFilter                   0x080002b4   Section        0  stm32f0xx_hal_can.o(i.HAL_CAN_ConfigFilter)
    i.HAL_CAN_Init                           0x080003ca   Section        0  stm32f0xx_hal_can.o(i.HAL_CAN_Init)
    i.HAL_CAN_MspInit                        0x080004f0   Section        0  stm32f0xx_hal_msp.o(i.HAL_CAN_MspInit)
    i.HAL_CAN_Receive                        0x08000534   Section        0  stm32f0xx_hal_can.o(i.HAL_CAN_Receive)
    i.HAL_CAN_Transmit                       0x08000674   Section        0  stm32f0xx_hal_can.o(i.HAL_CAN_Transmit)
    i.HAL_Delay                              0x080007e8   Section        0  stm32f0xx_hal.o(i.HAL_Delay)
    i.HAL_GPIO_Init                          0x08000800   Section        0  stm32f0xx_hal_gpio.o(i.HAL_GPIO_Init)
    i.HAL_GPIO_WritePin                      0x080009ac   Section        0  stm32f0xx_hal_gpio.o(i.HAL_GPIO_WritePin)
    i.HAL_GetTick                            0x080009b8   Section        0  stm32f0xx_hal.o(i.HAL_GetTick)
    i.HAL_IncTick                            0x080009c4   Section        0  stm32f0xx_hal.o(i.HAL_IncTick)
    i.HAL_Init                               0x080009d4   Section        0  stm32f0xx_hal.o(i.HAL_Init)
    i.HAL_InitTick                           0x080009e4   Section        0  stm32f0xx_hal.o(i.HAL_InitTick)
    i.HAL_MspInit                            0x08000a06   Section        0  stm32f0xx_hal_msp.o(i.HAL_MspInit)
    i.HAL_NVIC_EnableIRQ                     0x08000a14   Section        0  stm32f0xx_hal_cortex.o(i.HAL_NVIC_EnableIRQ)
    i.HAL_NVIC_SetPriority                   0x08000a28   Section        0  stm32f0xx_hal_cortex.o(i.HAL_NVIC_SetPriority)
    i.HAL_PCDEx_PMAConfig                    0x08000a30   Section        0  stm32f0xx_hal_pcd_ex.o(i.HAL_PCDEx_PMAConfig)
    i.HAL_PCD_DataInStageCallback            0x08000a6a   Section        0  usbd_conf.o(i.HAL_PCD_DataInStageCallback)
    i.HAL_PCD_DataOutStageCallback           0x08000a82   Section        0  usbd_conf.o(i.HAL_PCD_DataOutStageCallback)
    i.HAL_PCD_EP_Close                       0x08000aa0   Section        0  stm32f0xx_hal_pcd.o(i.HAL_PCD_EP_Close)
    i.HAL_PCD_EP_ClrStall                    0x08000c14   Section        0  stm32f0xx_hal_pcd.o(i.HAL_PCD_EP_ClrStall)
    i.HAL_PCD_EP_GetRxCount                  0x08000ccc   Section        0  stm32f0xx_hal_pcd.o(i.HAL_PCD_EP_GetRxCount)
    i.HAL_PCD_EP_Open                        0x08000ce0   Section        0  stm32f0xx_hal_pcd.o(i.HAL_PCD_EP_Open)
    i.HAL_PCD_EP_Receive                     0x08000fa0   Section        0  stm32f0xx_hal_pcd.o(i.HAL_PCD_EP_Receive)
    i.HAL_PCD_EP_SetStall                    0x08001074   Section        0  stm32f0xx_hal_pcd.o(i.HAL_PCD_EP_SetStall)
    i.HAL_PCD_EP_Transmit                    0x08001108   Section        0  stm32f0xx_hal_pcd.o(i.HAL_PCD_EP_Transmit)
    i.HAL_PCD_IRQHandler                     0x0800124c   Section        0  stm32f0xx_hal_pcd.o(i.HAL_PCD_IRQHandler)
    i.HAL_PCD_Init                           0x0800133c   Section        0  stm32f0xx_hal_pcd.o(i.HAL_PCD_Init)
    i.HAL_PCD_MspInit                        0x080013cc   Section        0  usbd_conf.o(i.HAL_PCD_MspInit)
    i.HAL_PCD_ResetCallback                  0x080013fc   Section        0  usbd_conf.o(i.HAL_PCD_ResetCallback)
    i.HAL_PCD_ResumeCallback                 0x08001414   Section        0  usbd_conf.o(i.HAL_PCD_ResumeCallback)
    i.HAL_PCD_SOFCallback                    0x08001450   Section        0  usbd_conf.o(i.HAL_PCD_SOFCallback)
    i.HAL_PCD_SetAddress                     0x08001460   Section        0  stm32f0xx_hal_pcd.o(i.HAL_PCD_SetAddress)
    i.HAL_PCD_SetupStageCallback             0x0800148c   Section        0  usbd_conf.o(i.HAL_PCD_SetupStageCallback)
    i.HAL_PCD_Start                          0x080014a2   Section        0  stm32f0xx_hal_pcd.o(i.HAL_PCD_Start)
    i.HAL_PCD_SuspendCallback                0x080014b4   Section        0  usbd_conf.o(i.HAL_PCD_SuspendCallback)
    i.HAL_RCCEx_PeriphCLKConfig              0x080014dc   Section        0  stm32f0xx_hal_rcc_ex.o(i.HAL_RCCEx_PeriphCLKConfig)
    i.HAL_RCC_ClockConfig                    0x080015c0   Section        0  stm32f0xx_hal_rcc_ex.o(i.HAL_RCC_ClockConfig)
    i.HAL_RCC_GetHCLKFreq                    0x080017b0   Section        0  stm32f0xx_hal_rcc.o(i.HAL_RCC_GetHCLKFreq)
    i.HAL_RCC_GetSysClockFreq                0x080017d8   Section        0  stm32f0xx_hal_rcc_ex.o(i.HAL_RCC_GetSysClockFreq)
    i.HAL_RCC_OscConfig                      0x0800183c   Section        0  stm32f0xx_hal_rcc_ex.o(i.HAL_RCC_OscConfig)
    i.HAL_SYSTICK_CLKSourceConfig            0x08001bd8   Section        0  stm32f0xx_hal_cortex.o(i.HAL_SYSTICK_CLKSourceConfig)
    i.HAL_SYSTICK_Callback                   0x08001bf0   Section        0  stm32f0xx_hal_cortex.o(i.HAL_SYSTICK_Callback)
    i.HAL_SYSTICK_Config                     0x08001bf4   Section        0  stm32f0xx_hal_cortex.o(i.HAL_SYSTICK_Config)
    i.HAL_SYSTICK_IRQHandler                 0x08001c24   Section        0  stm32f0xx_hal_cortex.o(i.HAL_SYSTICK_IRQHandler)
    i.IntToAscii                             0x08001c2c   Section        0  usbd_desc.o(i.IntToAscii)
    IntToAscii                               0x08001c2d   Thumb Code    38  usbd_desc.o(i.IntToAscii)
    i.MX_USB_DEVICE_Init                     0x08001c54   Section        0  usb_device.o(i.MX_USB_DEVICE_Init)
    i.NVIC_SetPriority                       0x08001c88   Section        0  stm32f0xx_hal_cortex.o(i.NVIC_SetPriority)
    NVIC_SetPriority                         0x08001c89   Thumb Code    60  stm32f0xx_hal_cortex.o(i.NVIC_SetPriority)
    i.PCD_EP_ISR_Handler                     0x08001ccc   Section        0  stm32f0xx_hal_pcd.o(i.PCD_EP_ISR_Handler)
    PCD_EP_ISR_Handler                       0x08001ccd   Thumb Code   806  stm32f0xx_hal_pcd.o(i.PCD_EP_ISR_Handler)
    i.PCD_ReadPMA                            0x08002008   Section        0  stm32f0xx_hal_pcd.o(i.PCD_ReadPMA)
    i.PCD_WritePMA                           0x08002026   Section        0  stm32f0xx_hal_pcd.o(i.PCD_WritePMA)
    i.SysTick_Handler                        0x0800204c   Section        0  stm32f0xx_it.o(i.SysTick_Handler)
    i.SystemClock_Config                     0x08002058   Section        0  main.o(i.SystemClock_Config)
    i.SystemInit                             0x080020c0   Section        0  system_stm32f0xx.o(i.SystemInit)
    i.USBD_CDC_DataIn                        0x0800211c   Section        0  usbd_cdc.o(i.USBD_CDC_DataIn)
    USBD_CDC_DataIn                          0x0800211d   Thumb Code    30  usbd_cdc.o(i.USBD_CDC_DataIn)
    i.USBD_CDC_DataOut                       0x0800213a   Section        0  usbd_cdc.o(i.USBD_CDC_DataOut)
    USBD_CDC_DataOut                         0x0800213b   Thumb Code    52  usbd_cdc.o(i.USBD_CDC_DataOut)
    i.USBD_CDC_DeInit                        0x0800216e   Section        0  usbd_cdc.o(i.USBD_CDC_DeInit)
    USBD_CDC_DeInit                          0x0800216f   Thumb Code    60  usbd_cdc.o(i.USBD_CDC_DeInit)
    i.USBD_CDC_EP0_RxReady                   0x080021aa   Section        0  usbd_cdc.o(i.USBD_CDC_EP0_RxReady)
    USBD_CDC_EP0_RxReady                     0x080021ab   Thumb Code    42  usbd_cdc.o(i.USBD_CDC_EP0_RxReady)
    i.USBD_CDC_GetDeviceQualifierDescriptor  0x080021d4   Section        0  usbd_cdc.o(i.USBD_CDC_GetDeviceQualifierDescriptor)
    i.USBD_CDC_GetFSCfgDesc                  0x080021e0   Section        0  usbd_cdc.o(i.USBD_CDC_GetFSCfgDesc)
    USBD_CDC_GetFSCfgDesc                    0x080021e1   Thumb Code     8  usbd_cdc.o(i.USBD_CDC_GetFSCfgDesc)
    i.USBD_CDC_GetHSCfgDesc                  0x080021ec   Section        0  usbd_cdc.o(i.USBD_CDC_GetHSCfgDesc)
    USBD_CDC_GetHSCfgDesc                    0x080021ed   Thumb Code     8  usbd_cdc.o(i.USBD_CDC_GetHSCfgDesc)
    i.USBD_CDC_GetOtherSpeedCfgDesc          0x080021f8   Section        0  usbd_cdc.o(i.USBD_CDC_GetOtherSpeedCfgDesc)
    USBD_CDC_GetOtherSpeedCfgDesc            0x080021f9   Thumb Code     8  usbd_cdc.o(i.USBD_CDC_GetOtherSpeedCfgDesc)
    i.USBD_CDC_Init                          0x08002204   Section        0  usbd_cdc.o(i.USBD_CDC_Init)
    USBD_CDC_Init                            0x08002205   Thumb Code   138  usbd_cdc.o(i.USBD_CDC_Init)
    i.USBD_CDC_ReceivePacket                 0x0800228e   Section        0  usbd_cdc.o(i.USBD_CDC_ReceivePacket)
    i.USBD_CDC_RegisterInterface             0x080022c6   Section        0  usbd_cdc.o(i.USBD_CDC_RegisterInterface)
    i.USBD_CDC_SetRxBuffer                   0x080022da   Section        0  usbd_cdc.o(i.USBD_CDC_SetRxBuffer)
    i.USBD_CDC_SetTxBuffer                   0x080022ee   Section        0  usbd_cdc.o(i.USBD_CDC_SetTxBuffer)
    i.USBD_CDC_Setup                         0x08002304   Section        0  usbd_cdc.o(i.USBD_CDC_Setup)
    USBD_CDC_Setup                           0x08002305   Thumb Code    98  usbd_cdc.o(i.USBD_CDC_Setup)
    i.USBD_CDC_TransmitPacket                0x08002366   Section        0  usbd_cdc.o(i.USBD_CDC_TransmitPacket)
    i.USBD_ClrClassConfig                    0x0800239a   Section        0  usbd_core.o(i.USBD_ClrClassConfig)
    i.USBD_CtlContinueRx                     0x080023aa   Section        0  usbd_ioreq.o(i.USBD_CtlContinueRx)
    i.USBD_CtlContinueSendData               0x080023ba   Section        0  usbd_ioreq.o(i.USBD_CtlContinueSendData)
    i.USBD_CtlError                          0x080023ca   Section        0  usbd_ctlreq.o(i.USBD_CtlError)
    i.USBD_CtlPrepareRx                      0x080023de   Section        0  usbd_ioreq.o(i.USBD_CtlPrepareRx)
    i.USBD_CtlReceiveStatus                  0x080023fe   Section        0  usbd_ioreq.o(i.USBD_CtlReceiveStatus)
    i.USBD_CtlSendData                       0x08002416   Section        0  usbd_ioreq.o(i.USBD_CtlSendData)
    i.USBD_CtlSendStatus                     0x08002432   Section        0  usbd_ioreq.o(i.USBD_CtlSendStatus)
    i.USBD_FS_ConfigStrDescriptor            0x0800244c   Section        0  usbd_desc.o(i.USBD_FS_ConfigStrDescriptor)
    i.USBD_FS_DeviceDescriptor               0x0800246c   Section        0  usbd_desc.o(i.USBD_FS_DeviceDescriptor)
    i.USBD_FS_InterfaceStrDescriptor         0x08002478   Section        0  usbd_desc.o(i.USBD_FS_InterfaceStrDescriptor)
    i.USBD_FS_LangIDStrDescriptor            0x0800249c   Section        0  usbd_desc.o(i.USBD_FS_LangIDStrDescriptor)
    i.USBD_FS_ManufacturerStrDescriptor      0x080024a8   Section        0  usbd_desc.o(i.USBD_FS_ManufacturerStrDescriptor)
    i.USBD_FS_ProductStrDescriptor           0x080024c4   Section        0  usbd_desc.o(i.USBD_FS_ProductStrDescriptor)
    i.USBD_FS_SerialStrDescriptor            0x080024e4   Section        0  usbd_desc.o(i.USBD_FS_SerialStrDescriptor)
    i.USBD_GetDescriptor                     0x08002524   Section        0  usbd_ctlreq.o(i.USBD_GetDescriptor)
    USBD_GetDescriptor                       0x08002525   Thumb Code   224  usbd_ctlreq.o(i.USBD_GetDescriptor)
    i.USBD_GetString                         0x08002604   Section        0  usbd_ctlreq.o(i.USBD_GetString)
    i.USBD_Init                              0x08002648   Section        0  usbd_core.o(i.USBD_Init)
    i.USBD_LL_ClearStallEP                   0x0800267a   Section        0  usbd_conf.o(i.USBD_LL_ClearStallEP)
    i.USBD_LL_CloseEP                        0x0800268c   Section        0  usbd_conf.o(i.USBD_LL_CloseEP)
    i.USBD_LL_DataInStage                    0x0800269e   Section        0  usbd_core.o(i.USBD_LL_DataInStage)
    i.USBD_LL_DataOutStage                   0x08002748   Section        0  usbd_core.o(i.USBD_LL_DataOutStage)
    i.USBD_LL_GetRxDataSize                  0x080027bc   Section        0  usbd_conf.o(i.USBD_LL_GetRxDataSize)
    i.USBD_LL_Init                           0x080027cc   Section        0  usbd_conf.o(i.USBD_LL_Init)
    i.USBD_LL_IsStallEP                      0x0800283c   Section        0  usbd_conf.o(i.USBD_LL_IsStallEP)
    i.USBD_LL_OpenEP                         0x08002860   Section        0  usbd_conf.o(i.USBD_LL_OpenEP)
    i.USBD_LL_PrepareReceive                 0x08002878   Section        0  usbd_conf.o(i.USBD_LL_PrepareReceive)
    i.USBD_LL_Reset                          0x0800288a   Section        0  usbd_core.o(i.USBD_LL_Reset)
    i.USBD_LL_Resume                         0x080028d0   Section        0  usbd_core.o(i.USBD_LL_Resume)
    i.USBD_LL_SOF                            0x080028dc   Section        0  usbd_core.o(i.USBD_LL_SOF)
    i.USBD_LL_SetSpeed                       0x080028fa   Section        0  usbd_core.o(i.USBD_LL_SetSpeed)
    i.USBD_LL_SetUSBAddress                  0x08002900   Section        0  usbd_conf.o(i.USBD_LL_SetUSBAddress)
    i.USBD_LL_SetupStage                     0x08002912   Section        0  usbd_core.o(i.USBD_LL_SetupStage)
    i.USBD_LL_StallEP                        0x08002970   Section        0  usbd_conf.o(i.USBD_LL_StallEP)
    i.USBD_LL_Start                          0x08002982   Section        0  usbd_conf.o(i.USBD_LL_Start)
    i.USBD_LL_Suspend                        0x08002994   Section        0  usbd_core.o(i.USBD_LL_Suspend)
    i.USBD_LL_Transmit                       0x080029a4   Section        0  usbd_conf.o(i.USBD_LL_Transmit)
    i.USBD_ParseSetupRequest                 0x080029b6   Section        0  usbd_ctlreq.o(i.USBD_ParseSetupRequest)
    i.USBD_RegisterClass                     0x080029de   Section        0  usbd_core.o(i.USBD_RegisterClass)
    i.USBD_SetClassConfig                    0x080029f4   Section        0  usbd_core.o(i.USBD_SetClassConfig)
    i.USBD_SetConfig                         0x08002a10   Section        0  usbd_ctlreq.o(i.USBD_SetConfig)
    USBD_SetConfig                           0x08002a11   Thumb Code   108  usbd_ctlreq.o(i.USBD_SetConfig)
    i.USBD_Start                             0x08002a80   Section        0  usbd_core.o(i.USBD_Start)
    i.USBD_StdDevReq                         0x08002a8a   Section        0  usbd_ctlreq.o(i.USBD_StdDevReq)
    i.USBD_StdEPReq                          0x08002b78   Section        0  usbd_ctlreq.o(i.USBD_StdEPReq)
    i.USBD_StdItfReq                         0x08002c48   Section        0  usbd_ctlreq.o(i.USBD_StdItfReq)
    i.USBD_static_free                       0x08002c82   Section        0  usbd_conf.o(i.USBD_static_free)
    i.USBD_static_malloc                     0x08002c84   Section        0  usbd_conf.o(i.USBD_static_malloc)
    i.USB_IRQHandler                         0x08002c8c   Section        0  stm32f0xx_it.o(i.USB_IRQHandler)
    i.__ARM_common_switch8                   0x08002c9c   Section        0  usbd_ctlreq.o(i.__ARM_common_switch8)
    i.__scatterload_copy                     0x08002cb6   Section       14  handlers.o(i.__scatterload_copy)
    i.__scatterload_null                     0x08002cc4   Section        2  handlers.o(i.__scatterload_null)
    i.__scatterload_zeroinit                 0x08002cc6   Section       14  handlers.o(i.__scatterload_zeroinit)
    i.can_disable                            0x08002cd4   Section        0  can.o(i.can_disable)
    i.can_enable                             0x08002d08   Section        0  can.o(i.can_enable)
    i.can_init                               0x08002d54   Section        0  can.o(i.can_init)
    i.can_rx                                 0x08002d74   Section        0  can.o(i.can_rx)
    i.can_set_bitrate                        0x08002d94   Section        0  can.o(i.can_set_bitrate)
    i.can_set_filter                         0x08002de0   Section        0  can.o(i.can_set_filter)
    i.can_set_silent                         0x08002e3c   Section        0  can.o(i.can_set_silent)
    i.can_tx                                 0x08002e5c   Section        0  can.o(i.can_tx)
    i.is_can_msg_pending                     0x08002e78   Section        0  can.o(i.is_can_msg_pending)
    i.led_on                                 0x08002ea4   Section        0  led.o(i.led_on)
    i.led_process                            0x08002ed4   Section        0  led.o(i.led_process)
    i.main                                   0x08002f08   Section        0  main.o(i.main)
    i.parse_command_type                     0x0800300c   Section        0  slcan.o(i.parse_command_type)
    i.slcan_parse_frame                      0x08003088   Section        0  slcan.o(i.slcan_parse_frame)
    i.slcan_parse_str                        0x08003128   Section        0  slcan.o(i.slcan_parse_str)
    i.switch_bitrate_command                 0x08003284   Section        0  slcan.o(i.switch_bitrate_command)
    .constdata                               0x080032c6   Section       32  stm32f0xx_hal_rcc_ex.o(.constdata)
    .constdata                               0x080032e6   Section       16  stm32f0xx_hal_rcc.o(.constdata)
    .data                                    0x20000000   Section      215  usbd_cdc.o(.data)
    USBD_CDC_DeviceQualifierDesc             0x20000000   Data          10  usbd_cdc.o(.data)
    .data                                    0x200000d8   Section       56  usbd_cdc.o(.data)
    .data                                    0x20000110   Section        1  usbd_ctlreq.o(.data)
    cfgidx                                   0x20000110   Data           1  usbd_ctlreq.o(.data)
    .data                                    0x20000114   Section       20  system_stm32f0xx.o(.data)
    .data                                    0x20000128   Section        4  stm32f0xx_hal.o(.data)
    uwTick                                   0x20000128   Data           4  stm32f0xx_hal.o(.data)
    .data                                    0x2000012c   Section       16  usbd_cdc_if.o(.data)
    .data                                    0x2000013c   Section        4  usbd_cdc_if.o(.data)
    .data                                    0x20000140   Section        4  usbd_conf.o(.data)
    .data                                    0x20000144   Section        3  main.o(.data)
    .data                                    0x20000148   Section       28  usbd_desc.o(.data)
    .data                                    0x20000164   Section       22  usbd_desc.o(.data)
    .data                                    0x2000017c   Section        8  can.o(.data)
    .data                                    0x20000184   Section        8  led.o(.data)
    led_laston                               0x20000184   Data           4  led.o(.data)
    led_lastoff                              0x20000188   Data           4  led.o(.data)
    .data                                    0x2000018c   Section       24  slcan.o(.data)
    byte                                     0x2000018e   Data           1  slcan.o(.data)
    .bss                                     0x200001a4   Section      256  usbd_cdc_if.o(.bss)
    .bss                                     0x200002a4   Section     1568  usbd_conf.o(.bss)
    mem                                      0x200002a4   Data        1024  usbd_conf.o(.bss)
    .bss                                     0x200008c4   Section      128  main.o(.bss)
    .bss                                     0x20000944   Section      512  usbd_desc.o(.bss)
    .bss                                     0x20000b44   Section      548  usb_device.o(.bss)
    .bss                                     0x20000d68   Section      100  can.o(.bss)
    .bss                                     0x20000dcc   Section       52  slcan.o(.bss)
    STACK                                    0x20000e00   Section     1024  startup_stm32f042x6.o(STACK)

    Global Symbols

    Symbol Name                              Value     Ov Type        Size  Object(Section)

    BuildAttributes$$THM_ISAv3M$S$PE$A:L22$X:L11$S22$IEEE1$IW$USESV6$~STKCKD$USESV7$~SHL$OSPACE$EBA8$MICROLIB$REQ8$PRES8$EABIv2 0x00000000   Number         0  anon$$obj.o ABSOLUTE
    __ARM_use_no_argv                        0x00000000   Number         0  main.o ABSOLUTE
    __cpp_initialize__aeabi_                  - Undefined Weak Reference
    __cxa_finalize                            - Undefined Weak Reference
    _clock_init                               - Undefined Weak Reference
    _microlib_exit                            - Undefined Weak Reference
    __Vectors_Size                           0x000000c0   Number         0  startup_stm32f042x6.o ABSOLUTE
    __Vectors                                0x08000000   Data           4  startup_stm32f042x6.o(RESET)
    __Vectors_End                            0x080000c0   Data           0  startup_stm32f042x6.o(RESET)
    __main                                   0x080000c1   Thumb Code     0  entry.o(.ARM.Collect$$$$00000000)
    _main_stk                                0x080000c1   Thumb Code     0  entry2.o(.ARM.Collect$$$$00000001)
    _main_scatterload                        0x080000c5   Thumb Code     0  entry5.o(.ARM.Collect$$$$00000004)
    __main_after_scatterload                 0x080000c9   Thumb Code     0  entry5.o(.ARM.Collect$$$$00000004)
    _main_clock                              0x080000c9   Thumb Code     0  entry7b.o(.ARM.Collect$$$$00000008)
    _main_cpp_init                           0x080000c9   Thumb Code     0  entry8b.o(.ARM.Collect$$$$0000000A)
    _main_init                               0x080000c9   Thumb Code     0  entry9a.o(.ARM.Collect$$$$0000000B)
    __rt_final_cpp                           0x080000d1   Thumb Code     0  entry10a.o(.ARM.Collect$$$$0000000D)
    __rt_final_exit                          0x080000d1   Thumb Code     0  entry11a.o(.ARM.Collect$$$$0000000F)
    Reset_Handler                            0x080000d5   Thumb Code     8  startup_stm32f042x6.o(.text)
    NMI_Handler                              0x080000dd   Thumb Code     2  startup_stm32f042x6.o(.text)
    HardFault_Handler                        0x080000df   Thumb Code     2  startup_stm32f042x6.o(.text)
    SVC_Handler                              0x080000e1   Thumb Code     2  startup_stm32f042x6.o(.text)
    PendSV_Handler                           0x080000e3   Thumb Code     2  startup_stm32f042x6.o(.text)
    ADC1_IRQHandler                          0x080000e7   Thumb Code     0  startup_stm32f042x6.o(.text)
    CEC_CAN_IRQHandler                       0x080000e7   Thumb Code     0  startup_stm32f042x6.o(.text)
    DMA1_Channel1_IRQHandler                 0x080000e7   Thumb Code     0  startup_stm32f042x6.o(.text)
    DMA1_Channel2_3_IRQHandler               0x080000e7   Thumb Code     0  startup_stm32f042x6.o(.text)
    DMA1_Channel4_5_IRQHandler               0x080000e7   Thumb Code     0  startup_stm32f042x6.o(.text)
    EXTI0_1_IRQHandler                       0x080000e7   Thumb Code     0  startup_stm32f042x6.o(.text)
    EXTI2_3_IRQHandler                       0x080000e7   Thumb Code     0  startup_stm32f042x6.o(.text)
    EXTI4_15_IRQHandler                      0x080000e7   Thumb Code     0  startup_stm32f042x6.o(.text)
    FLASH_IRQHandler                         0x080000e7   Thumb Code     0  startup_stm32f042x6.o(.text)
    I2C1_IRQHandler                          0x080000e7   Thumb Code     0  startup_stm32f042x6.o(.text)
    PVD_VDDIO2_IRQHandler                    0x080000e7   Thumb Code     0  startup_stm32f042x6.o(.text)
    RCC_CRS_IRQHandler                       0x080000e7   Thumb Code     0  startup_stm32f042x6.o(.text)
    RTC_IRQHandler                           0x080000e7   Thumb Code     0  startup_stm32f042x6.o(.text)
    SPI1_IRQHandler                          0x080000e7   Thumb Code     0  startup_stm32f042x6.o(.text)
    SPI2_IRQHandler                          0x080000e7   Thumb Code     0  startup_stm32f042x6.o(.text)
    TIM14_IRQHandler                         0x080000e7   Thumb Code     0  startup_stm32f042x6.o(.text)
    TIM16_IRQHandler                         0x080000e7   Thumb Code     0  startup_stm32f042x6.o(.text)
    TIM17_IRQHandler                         0x080000e7   Thumb Code     0  startup_stm32f042x6.o(.text)
    TIM1_BRK_UP_TRG_COM_IRQHandler           0x080000e7   Thumb Code     0  startup_stm32f042x6.o(.text)
    TIM1_CC_IRQHandler                       0x080000e7   Thumb Code     0  startup_stm32f042x6.o(.text)
    TIM2_IRQHandler                          0x080000e7   Thumb Code     0  startup_stm32f042x6.o(.text)
    TIM3_IRQHandler                          0x080000e7   Thumb Code     0  startup_stm32f042x6.o(.text)
    TSC_IRQHandler                           0x080000e7   Thumb Code     0  startup_stm32f042x6.o(.text)
    USART1_IRQHandler                        0x080000e7   Thumb Code     0  startup_stm32f042x6.o(.text)
    USART2_IRQHandler                        0x080000e7   Thumb Code     0  startup_stm32f042x6.o(.text)
    WWDG_IRQHandler                          0x080000e7   Thumb Code     0  startup_stm32f042x6.o(.text)
    __aeabi_uidiv                            0x080000f1   Thumb Code     0  uidiv.o(.text)
    __aeabi_uidivmod                         0x080000f1   Thumb Code    44  uidiv.o(.text)
    __aeabi_memset                           0x0800011d   Thumb Code    14  memseta.o(.text)
    __aeabi_memset4                          0x0800011d   Thumb Code     0  memseta.o(.text)
    __aeabi_memset8                          0x0800011d   Thumb Code     0  memseta.o(.text)
    __aeabi_memclr                           0x0800012b   Thumb Code     4  memseta.o(.text)
    __aeabi_memclr4                          0x0800012b   Thumb Code     0  memseta.o(.text)
    __aeabi_memclr8                          0x0800012b   Thumb Code     0  memseta.o(.text)
    _memset$wrapper                          0x0800012f   Thumb Code    18  memseta.o(.text)
    __scatterload                            0x08000141   Thumb Code    28  init.o(.text)
    __scatterload_rt2                        0x08000141   Thumb Code     0  init.o(.text)
    __decompress                             0x08000165   Thumb Code     0  __dczerorl2.o(.text)
    __decompress1                            0x08000165   Thumb Code    86  __dczerorl2.o(.text)
    ASCII2byte                               0x080001bb   Thumb Code    30  slcan.o(i.ASCII2byte)
    CDC_Transmit_FS                          0x08000275   Thumb Code    54  usbd_cdc_if.o(i.CDC_Transmit_FS)
    HAL_CAN_ConfigFilter                     0x080002b5   Thumb Code   278  stm32f0xx_hal_can.o(i.HAL_CAN_ConfigFilter)
    HAL_CAN_Init                             0x080003cb   Thumb Code   294  stm32f0xx_hal_can.o(i.HAL_CAN_Init)
    HAL_CAN_MspInit                          0x080004f1   Thumb Code    56  stm32f0xx_hal_msp.o(i.HAL_CAN_MspInit)
    HAL_CAN_Receive                          0x08000535   Thumb Code   320  stm32f0xx_hal_can.o(i.HAL_CAN_Receive)
    HAL_CAN_Transmit                         0x08000675   Thumb Code   358  stm32f0xx_hal_can.o(i.HAL_CAN_Transmit)
    HAL_Delay                                0x080007e9   Thumb Code    22  stm32f0xx_hal.o(i.HAL_Delay)
    HAL_GPIO_Init                            0x08000801   Thumb Code   408  stm32f0xx_hal_gpio.o(i.HAL_GPIO_Init)
    HAL_GPIO_WritePin                        0x080009ad   Thumb Code    12  stm32f0xx_hal_gpio.o(i.HAL_GPIO_WritePin)
    HAL_GetTick                              0x080009b9   Thumb Code     6  stm32f0xx_hal.o(i.HAL_GetTick)
    HAL_IncTick                              0x080009c5   Thumb Code    10  stm32f0xx_hal.o(i.HAL_IncTick)
    HAL_Init                                 0x080009d5   Thumb Code    16  stm32f0xx_hal.o(i.HAL_Init)
    HAL_InitTick                             0x080009e5   Thumb Code    34  stm32f0xx_hal.o(i.HAL_InitTick)
    HAL_MspInit                              0x08000a07   Thumb Code    14  stm32f0xx_hal_msp.o(i.HAL_MspInit)
    HAL_NVIC_EnableIRQ                       0x08000a15   Thumb Code    14  stm32f0xx_hal_cortex.o(i.HAL_NVIC_EnableIRQ)
    HAL_NVIC_SetPriority                     0x08000a29   Thumb Code     8  stm32f0xx_hal_cortex.o(i.HAL_NVIC_SetPriority)
    HAL_PCDEx_PMAConfig                      0x08000a31   Thumb Code    58  stm32f0xx_hal_pcd_ex.o(i.HAL_PCDEx_PMAConfig)
    HAL_PCD_DataInStageCallback              0x08000a6b   Thumb Code    24  usbd_conf.o(i.HAL_PCD_DataInStageCallback)
    HAL_PCD_DataOutStageCallback             0x08000a83   Thumb Code    28  usbd_conf.o(i.HAL_PCD_DataOutStageCallback)
    HAL_PCD_EP_Close                         0x08000aa1   Thumb Code   358  stm32f0xx_hal_pcd.o(i.HAL_PCD_EP_Close)
    HAL_PCD_EP_ClrStall                      0x08000c15   Thumb Code   170  stm32f0xx_hal_pcd.o(i.HAL_PCD_EP_ClrStall)
    HAL_PCD_EP_GetRxCount                    0x08000ccd   Thumb Code    20  stm32f0xx_hal_pcd.o(i.HAL_PCD_EP_GetRxCount)
    HAL_PCD_EP_Open                          0x08000ce1   Thumb Code   680  stm32f0xx_hal_pcd.o(i.HAL_PCD_EP_Open)
    HAL_PCD_EP_Receive                       0x08000fa1   Thumb Code   200  stm32f0xx_hal_pcd.o(i.HAL_PCD_EP_Receive)
    HAL_PCD_EP_SetStall                      0x08001075   Thumb Code   136  stm32f0xx_hal_pcd.o(i.HAL_PCD_EP_SetStall)
    HAL_PCD_EP_Transmit                      0x08001109   Thumb Code   306  stm32f0xx_hal_pcd.o(i.HAL_PCD_EP_Transmit)
    HAL_PCD_IRQHandler                       0x0800124d   Thumb Code   210  stm32f0xx_hal_pcd.o(i.HAL_PCD_IRQHandler)
    HAL_PCD_Init                             0x0800133d   Thumb Code   144  stm32f0xx_hal_pcd.o(i.HAL_PCD_Init)
    HAL_PCD_MspInit                          0x080013cd   Thumb Code    40  usbd_conf.o(i.HAL_PCD_MspInit)
    HAL_PCD_ResetCallback                    0x080013fd   Thumb Code    24  usbd_conf.o(i.HAL_PCD_ResetCallback)
    HAL_PCD_ResumeCallback                   0x08001415   Thumb Code    50  usbd_conf.o(i.HAL_PCD_ResumeCallback)
    HAL_PCD_SOFCallback                      0x08001451   Thumb Code    16  usbd_conf.o(i.HAL_PCD_SOFCallback)
    HAL_PCD_SetAddress                       0x08001461   Thumb Code    44  stm32f0xx_hal_pcd.o(i.HAL_PCD_SetAddress)
    HAL_PCD_SetupStageCallback               0x0800148d   Thumb Code    22  usbd_conf.o(i.HAL_PCD_SetupStageCallback)
    HAL_PCD_Start                            0x080014a3   Thumb Code    18  stm32f0xx_hal_pcd.o(i.HAL_PCD_Start)
    HAL_PCD_SuspendCallback                  0x080014b5   Thumb Code    34  usbd_conf.o(i.HAL_PCD_SuspendCallback)
    HAL_RCCEx_PeriphCLKConfig                0x080014dd   Thumb Code   216  stm32f0xx_hal_rcc_ex.o(i.HAL_RCCEx_PeriphCLKConfig)
    HAL_RCC_ClockConfig                      0x080015c1   Thumb Code   484  stm32f0xx_hal_rcc_ex.o(i.HAL_RCC_ClockConfig)
    HAL_RCC_GetHCLKFreq                      0x080017b1   Thumb Code    26  stm32f0xx_hal_rcc.o(i.HAL_RCC_GetHCLKFreq)
    HAL_RCC_GetSysClockFreq                  0x080017d9   Thumb Code    82  stm32f0xx_hal_rcc_ex.o(i.HAL_RCC_GetSysClockFreq)
    HAL_RCC_OscConfig                        0x0800183d   Thumb Code   912  stm32f0xx_hal_rcc_ex.o(i.HAL_RCC_OscConfig)
    HAL_SYSTICK_CLKSourceConfig              0x08001bd9   Thumb Code    20  stm32f0xx_hal_cortex.o(i.HAL_SYSTICK_CLKSourceConfig)
    HAL_SYSTICK_Callback                     0x08001bf1   Thumb Code     2  stm32f0xx_hal_cortex.o(i.HAL_SYSTICK_Callback)
    HAL_SYSTICK_Config                       0x08001bf5   Thumb Code    38  stm32f0xx_hal_cortex.o(i.HAL_SYSTICK_Config)
    HAL_SYSTICK_IRQHandler                   0x08001c25   Thumb Code     8  stm32f0xx_hal_cortex.o(i.HAL_SYSTICK_IRQHandler)
    MX_USB_DEVICE_Init                       0x08001c55   Thumb Code    36  usb_device.o(i.MX_USB_DEVICE_Init)
    PCD_ReadPMA                              0x08002009   Thumb Code    30  stm32f0xx_hal_pcd.o(i.PCD_ReadPMA)
    PCD_WritePMA                             0x08002027   Thumb Code    38  stm32f0xx_hal_pcd.o(i.PCD_WritePMA)
    SysTick_Handler                          0x0800204d   Thumb Code    12  stm32f0xx_it.o(i.SysTick_Handler)
    SystemClock_Config                       0x08002059   Thumb Code    98  main.o(i.SystemClock_Config)
    SystemInit                               0x080020c1   Thumb Code    78  system_stm32f0xx.o(i.SystemInit)
    USBD_CDC_GetDeviceQualifierDescriptor    0x080021d5   Thumb Code     8  usbd_cdc.o(i.USBD_CDC_GetDeviceQualifierDescriptor)
    USBD_CDC_ReceivePacket                   0x0800228f   Thumb Code    56  usbd_cdc.o(i.USBD_CDC_ReceivePacket)
    USBD_CDC_RegisterInterface               0x080022c7   Thumb Code    20  usbd_cdc.o(i.USBD_CDC_RegisterInterface)
    USBD_CDC_SetRxBuffer                     0x080022db   Thumb Code    20  usbd_cdc.o(i.USBD_CDC_SetRxBuffer)
    USBD_CDC_SetTxBuffer                     0x080022ef   Thumb Code    22  usbd_cdc.o(i.USBD_CDC_SetTxBuffer)
    USBD_CDC_TransmitPacket                  0x08002367   Thumb Code    52  usbd_cdc.o(i.USBD_CDC_TransmitPacket)
    USBD_ClrClassConfig                      0x0800239b   Thumb Code    16  usbd_core.o(i.USBD_ClrClassConfig)
    USBD_CtlContinueRx                       0x080023ab   Thumb Code    16  usbd_ioreq.o(i.USBD_CtlContinueRx)
    USBD_CtlContinueSendData                 0x080023bb   Thumb Code    16  usbd_ioreq.o(i.USBD_CtlContinueSendData)
    USBD_CtlError                            0x080023cb   Thumb Code    20  usbd_ctlreq.o(i.USBD_CtlError)
    USBD_CtlPrepareRx                        0x080023df   Thumb Code    32  usbd_ioreq.o(i.USBD_CtlPrepareRx)
    USBD_CtlReceiveStatus                    0x080023ff   Thumb Code    24  usbd_ioreq.o(i.USBD_CtlReceiveStatus)
    USBD_CtlSendData                         0x08002417   Thumb Code    28  usbd_ioreq.o(i.USBD_CtlSendData)
    USBD_CtlSendStatus                       0x08002433   Thumb Code    24  usbd_ioreq.o(i.USBD_CtlSendStatus)
    USBD_FS_ConfigStrDescriptor              0x0800244d   Thumb Code    16  usbd_desc.o(i.USBD_FS_ConfigStrDescriptor)
    USBD_FS_DeviceDescriptor                 0x0800246d   Thumb Code     8  usbd_desc.o(i.USBD_FS_DeviceDescriptor)
    USBD_FS_InterfaceStrDescriptor           0x08002479   Thumb Code    16  usbd_desc.o(i.USBD_FS_InterfaceStrDescriptor)
    USBD_FS_LangIDStrDescriptor              0x0800249d   Thumb Code     8  usbd_desc.o(i.USBD_FS_LangIDStrDescriptor)
    USBD_FS_ManufacturerStrDescriptor        0x080024a9   Thumb Code    16  usbd_desc.o(i.USBD_FS_ManufacturerStrDescriptor)
    USBD_FS_ProductStrDescriptor             0x080024c5   Thumb Code    16  usbd_desc.o(i.USBD_FS_ProductStrDescriptor)
    USBD_FS_SerialStrDescriptor              0x080024e5   Thumb Code    54  usbd_desc.o(i.USBD_FS_SerialStrDescriptor)
    USBD_GetString                           0x08002605   Thumb Code    68  usbd_ctlreq.o(i.USBD_GetString)
    USBD_Init                                0x08002649   Thumb Code    50  usbd_core.o(i.USBD_Init)
    USBD_LL_ClearStallEP                     0x0800267b   Thumb Code    18  usbd_conf.o(i.USBD_LL_ClearStallEP)
    USBD_LL_CloseEP                          0x0800268d   Thumb Code    18  usbd_conf.o(i.USBD_LL_CloseEP)
    USBD_LL_DataInStage                      0x0800269f   Thumb Code   170  usbd_core.o(i.USBD_LL_DataInStage)
    USBD_LL_DataOutStage                     0x08002749   Thumb Code   116  usbd_core.o(i.USBD_LL_DataOutStage)
    USBD_LL_GetRxDataSize                    0x080027bd   Thumb Code    16  usbd_conf.o(i.USBD_LL_GetRxDataSize)
    USBD_LL_Init                             0x080027cd   Thumb Code   100  usbd_conf.o(i.USBD_LL_Init)
    USBD_LL_IsStallEP                        0x0800283d   Thumb Code    36  usbd_conf.o(i.USBD_LL_IsStallEP)
    USBD_LL_OpenEP                           0x08002861   Thumb Code    24  usbd_conf.o(i.USBD_LL_OpenEP)
    USBD_LL_PrepareReceive                   0x08002879   Thumb Code    18  usbd_conf.o(i.USBD_LL_PrepareReceive)
    USBD_LL_Reset                            0x0800288b   Thumb Code    70  usbd_core.o(i.USBD_LL_Reset)
    USBD_LL_Resume                           0x080028d1   Thumb Code    12  usbd_core.o(i.USBD_LL_Resume)
    USBD_LL_SOF                              0x080028dd   Thumb Code    30  usbd_core.o(i.USBD_LL_SOF)
    USBD_LL_SetSpeed                         0x080028fb   Thumb Code     6  usbd_core.o(i.USBD_LL_SetSpeed)
    USBD_LL_SetUSBAddress                    0x08002901   Thumb Code    18  usbd_conf.o(i.USBD_LL_SetUSBAddress)
    USBD_LL_SetupStage                       0x08002913   Thumb Code    94  usbd_core.o(i.USBD_LL_SetupStage)
    USBD_LL_StallEP                          0x08002971   Thumb Code    18  usbd_conf.o(i.USBD_LL_StallEP)
    USBD_LL_Start                            0x08002983   Thumb Code    18  usbd_conf.o(i.USBD_LL_Start)
    USBD_LL_Suspend                          0x08002995   Thumb Code    16  usbd_core.o(i.USBD_LL_Suspend)
    USBD_LL_Transmit                         0x080029a5   Thumb Code    18  usbd_conf.o(i.USBD_LL_Transmit)
    USBD_ParseSetupRequest                   0x080029b7   Thumb Code    40  usbd_ctlreq.o(i.USBD_ParseSetupRequest)
    USBD_RegisterClass                       0x080029df   Thumb Code    22  usbd_core.o(i.USBD_RegisterClass)
    USBD_SetClassConfig                      0x080029f5   Thumb Code    28  usbd_core.o(i.USBD_SetClassConfig)
    USBD_Start                               0x08002a81   Thumb Code    10  usbd_core.o(i.USBD_Start)
    USBD_StdDevReq                           0x08002a8b   Thumb Code   238  usbd_ctlreq.o(i.USBD_StdDevReq)
    USBD_StdEPReq                            0x08002b79   Thumb Code   208  usbd_ctlreq.o(i.USBD_StdEPReq)
    USBD_StdItfReq                           0x08002c49   Thumb Code    58  usbd_ctlreq.o(i.USBD_StdItfReq)
    USBD_static_free                         0x08002c83   Thumb Code     2  usbd_conf.o(i.USBD_static_free)
    USBD_static_malloc                       0x08002c85   Thumb Code     4  usbd_conf.o(i.USBD_static_malloc)
    USB_IRQHandler                           0x08002c8d   Thumb Code    10  stm32f0xx_it.o(i.USB_IRQHandler)
    __ARM_common_switch8                     0x08002c9d   Thumb Code    26  usbd_ctlreq.o(i.__ARM_common_switch8)
    __scatterload_copy                       0x08002cb7   Thumb Code    14  handlers.o(i.__scatterload_copy)
    __scatterload_null                       0x08002cc5   Thumb Code     2  handlers.o(i.__scatterload_null)
    __scatterload_zeroinit                   0x08002cc7   Thumb Code    14  handlers.o(i.__scatterload_zeroinit)
    can_disable                              0x08002cd5   Thumb Code    40  can.o(i.can_disable)
    can_enable                               0x08002d09   Thumb Code    66  can.o(i.can_enable)
    can_init                                 0x08002d55   Thumb Code    18  can.o(i.can_init)
    can_rx                                   0x08002d75   Thumb Code    26  can.o(i.can_rx)
    can_set_bitrate                          0x08002d95   Thumb Code    70  can.o(i.can_set_bitrate)
    can_set_filter                           0x08002de1   Thumb Code    84  can.o(i.can_set_filter)
    can_set_silent                           0x08002e3d   Thumb Code    22  can.o(i.can_set_silent)
    can_tx                                   0x08002e5d   Thumb Code    22  can.o(i.can_tx)
    is_can_msg_pending                       0x08002e79   Thumb Code    36  can.o(i.is_can_msg_pending)
    led_on                                   0x08002ea5   Thumb Code    40  led.o(i.led_on)
    led_process                              0x08002ed5   Thumb Code    44  led.o(i.led_process)
    main                                     0x08002f09   Thumb Code   238  main.o(i.main)
    parse_command_type                       0x0800300d   Thumb Code   118  slcan.o(i.parse_command_type)
    slcan_parse_frame                        0x08003089   Thumb Code   158  slcan.o(i.slcan_parse_frame)
    slcan_parse_str                          0x08003129   Thumb Code   340  slcan.o(i.slcan_parse_str)
    switch_bitrate_command                   0x08003285   Thumb Code    66  slcan.o(i.switch_bitrate_command)
    PLLMULFactorTable                        0x080032c6   Data          16  stm32f0xx_hal_rcc_ex.o(.constdata)
    PredivFactorTable                        0x080032d6   Data          16  stm32f0xx_hal_rcc_ex.o(.constdata)
    APBAHBPrescTable                         0x080032e6   Data          16  stm32f0xx_hal_rcc.o(.constdata)
    Region$$Table$$Base                      0x080032f8   Number         0  anon$$obj.o(Region$$Table)
    Region$$Table$$Limit                     0x08003318   Number         0  anon$$obj.o(Region$$Table)
    USBD_CDC_CfgHSDesc                       0x2000000c   Data          67  usbd_cdc.o(.data)
    USBD_CDC_CfgFSDesc                       0x20000050   Data          67  usbd_cdc.o(.data)
    USBD_CDC_OtherSpeedCfgDesc               0x20000094   Data          67  usbd_cdc.o(.data)
    USBD_CDC                                 0x200000d8   Data          56  usbd_cdc.o(.data)
    SystemCoreClock                          0x20000114   Data           4  system_stm32f0xx.o(.data)
    AHBPrescTable                            0x20000118   Data          16  system_stm32f0xx.o(.data)
    USBD_Interface_fops_FS                   0x2000012c   Data          16  usbd_cdc_if.o(.data)
    hUsbDevice_0                             0x2000013c   Data           4  usbd_cdc_if.o(.data)
    remotewakeupon                           0x20000140   Data           4  usbd_conf.o(.data)
    rx_point                                 0x20000144   Data           1  main.o(.data)
    tx_point                                 0x20000145   Data           1  main.o(.data)
    need_update                              0x20000146   Data           1  main.o(.data)
    FS_Desc                                  0x20000148   Data          28  usbd_desc.o(.data)
    USBD_LangIDDesc                          0x20000164   Data           4  usbd_desc.o(.data)
    USBD_FS_DeviceDesc                       0x20000168   Data          18  usbd_desc.o(.data)
    bus_state                                0x2000017c   Data           1  can.o(.data)
    prescaler                                0x20000180   Data           4  can.o(.data)
    bitrate                                  0x2000018c   Data           1  slcan.o(.data)
    mode                                     0x2000018d   Data           1  slcan.o(.data)
    usb2canfsm                               0x2000018f   Data           1  slcan.o(.data)
    counter                                  0x20000190   Data           1  slcan.o(.data)
    current_filter_id                        0x20000194   Data           4  slcan.o(.data)
    current_filter_temp                      0x20000198   Data           4  slcan.o(.data)
    current_mask_id                          0x2000019c   Data           4  slcan.o(.data)
    current_mask_temp                        0x200001a0   Data           4  slcan.o(.data)
    UserRxBufferFS                           0x200001a4   Data         128  usbd_cdc_if.o(.bss)
    UserTxBufferFS                           0x20000224   Data         128  usbd_cdc_if.o(.bss)
    hpcd_USB_FS                              0x200006a4   Data         544  usbd_conf.o(.bss)
    circle_buffer                            0x200008c4   Data         128  main.o(.bss)
    USBD_StrDesc                             0x20000944   Data         512  usbd_desc.o(.bss)
    hUsbDeviceFS                             0x20000b44   Data         548  usb_device.o(.bss)
    hcan                                     0x20000d68   Data          60  can.o(.bss)
    filter                                   0x20000da4   Data          40  can.o(.bss)
    frame                                    0x20000dcc   Data          52  slcan.o(.bss)
    __initial_sp                             0x20001200   Data           0  startup_stm32f042x6.o(STACK)



==============================================================================

Memory Map of the image

  Image Entry point : 0x080000c1

  Load Region LR_IROM1 (Base: 0x08000000, Size: 0x000034bc, Max: 0x00008000, ABSOLUTE, COMPRESSED[0x000033e4])

    Execution Region ER_IROM1 (Base: 0x08000000, Size: 0x00003318, Max: 0x00008000, ABSOLUTE)

    Base Addr    Size         Type   Attr      Idx    E Section Name        Object

    0x08000000   0x000000c0   Data   RO         1682    RESET               startup_stm32f042x6.o
    0x080000c0   0x00000000   Code   RO         2299  * .ARM.Collect$$$$00000000  mc_p.l(entry.o)
    0x080000c0   0x00000004   Code   RO         2308    .ARM.Collect$$$$00000001  mc_p.l(entry2.o)
    0x080000c4   0x00000004   Code   RO         2311    .ARM.Collect$$$$00000004  mc_p.l(entry5.o)
    0x080000c8   0x00000000   Code   RO         2313    .ARM.Collect$$$$00000008  mc_p.l(entry7b.o)
    0x080000c8   0x00000000   Code   RO         2315    .ARM.Collect$$$$0000000A  mc_p.l(entry8b.o)
    0x080000c8   0x00000008   Code   RO         2316    .ARM.Collect$$$$0000000B  mc_p.l(entry9a.o)
    0x080000d0   0x00000000   Code   RO         2318    .ARM.Collect$$$$0000000D  mc_p.l(entry10a.o)
    0x080000d0   0x00000000   Code   RO         2320    .ARM.Collect$$$$0000000F  mc_p.l(entry11a.o)
    0x080000d0   0x00000004   Code   RO         2309    .ARM.Collect$$$$00002712  mc_p.l(entry2.o)
    0x080000d4   0x0000001c   Code   RO         1683    .text               startup_stm32f042x6.o
    0x080000f0   0x0000002c   Code   RO         2302    .text               mc_p.l(uidiv.o)
    0x0800011c   0x00000024   Code   RO         2306    .text               mc_p.l(memseta.o)
    0x08000140   0x00000024   Code   RO         2322    .text               mc_p.l(init.o)
    0x08000164   0x00000056   Code   RO         2332    .text               mc_p.l(__dczerorl2.o)
    0x080001ba   0x0000001e   Code   RO         2250    i.ASCII2byte        slcan.o
    0x080001d8   0x00000026   Code   RO         1689    i.CDC_Control_FS    usbd_cdc_if.o
    0x080001fe   0x00000004   Code   RO         1690    i.CDC_DeInit_FS     usbd_cdc_if.o
    0x08000202   0x00000002   PAD
    0x08000204   0x00000020   Code   RO         1691    i.CDC_Init_FS       usbd_cdc_if.o
    0x08000224   0x00000050   Code   RO         1692    i.CDC_Receive_FS    usbd_cdc_if.o
    0x08000274   0x00000040   Code   RO         1693    i.CDC_Transmit_FS   usbd_cdc_if.o
    0x080002b4   0x00000116   Code   RO         1212    i.HAL_CAN_ConfigFilter  stm32f0xx_hal_can.o
    0x080003ca   0x00000126   Code   RO         1218    i.HAL_CAN_Init      stm32f0xx_hal_can.o
    0x080004f0   0x00000044   Code   RO         2119    i.HAL_CAN_MspInit   stm32f0xx_hal_msp.o
    0x08000534   0x00000140   Code   RO         1221    i.HAL_CAN_Receive   stm32f0xx_hal_can.o
    0x08000674   0x00000174   Code   RO         1225    i.HAL_CAN_Transmit  stm32f0xx_hal_can.o
    0x080007e8   0x00000016   Code   RO         1337    i.HAL_Delay         stm32f0xx_hal.o
    0x080007fe   0x00000002   PAD
    0x08000800   0x000001ac   Code   RO          571    i.HAL_GPIO_Init     stm32f0xx_hal_gpio.o
    0x080009ac   0x0000000c   Code   RO          575    i.HAL_GPIO_WritePin  stm32f0xx_hal_gpio.o
    0x080009b8   0x0000000c   Code   RO         1345    i.HAL_GetTick       stm32f0xx_hal.o
    0x080009c4   0x00000010   Code   RO         1346    i.HAL_IncTick       stm32f0xx_hal.o
    0x080009d4   0x00000010   Code   RO         1347    i.HAL_Init          stm32f0xx_hal.o
    0x080009e4   0x00000022   Code   RO         1348    i.HAL_InitTick      stm32f0xx_hal.o
    0x08000a06   0x0000000e   Code   RO         2120    i.HAL_MspInit       stm32f0xx_hal_msp.o
    0x08000a14   0x00000014   Code   RO         1118    i.HAL_NVIC_EnableIRQ  stm32f0xx_hal_cortex.o
    0x08000a28   0x00000008   Code   RO         1122    i.HAL_NVIC_SetPriority  stm32f0xx_hal_cortex.o
    0x08000a30   0x0000003a   Code   RO          771    i.HAL_PCDEx_PMAConfig  stm32f0xx_hal_pcd_ex.o
    0x08000a6a   0x00000018   Code   RO         1750    i.HAL_PCD_DataInStageCallback  usbd_conf.o
    0x08000a82   0x0000001c   Code   RO         1751    i.HAL_PCD_DataOutStageCallback  usbd_conf.o
    0x08000a9e   0x00000002   PAD
    0x08000aa0   0x00000174   Code   RO          800    i.HAL_PCD_EP_Close  stm32f0xx_hal_pcd.o
    0x08000c14   0x000000b8   Code   RO          801    i.HAL_PCD_EP_ClrStall  stm32f0xx_hal_pcd.o
    0x08000ccc   0x00000014   Code   RO          803    i.HAL_PCD_EP_GetRxCount  stm32f0xx_hal_pcd.o
    0x08000ce0   0x000002c0   Code   RO          804    i.HAL_PCD_EP_Open   stm32f0xx_hal_pcd.o
    0x08000fa0   0x000000d4   Code   RO          805    i.HAL_PCD_EP_Receive  stm32f0xx_hal_pcd.o
    0x08001074   0x00000094   Code   RO          806    i.HAL_PCD_EP_SetStall  stm32f0xx_hal_pcd.o
    0x08001108   0x00000144   Code   RO          807    i.HAL_PCD_EP_Transmit  stm32f0xx_hal_pcd.o
    0x0800124c   0x000000f0   Code   RO          809    i.HAL_PCD_IRQHandler  stm32f0xx_hal_pcd.o
    0x0800133c   0x00000090   Code   RO          812    i.HAL_PCD_Init      stm32f0xx_hal_pcd.o
    0x080013cc   0x00000030   Code   RO         1756    i.HAL_PCD_MspInit   usbd_conf.o
    0x080013fc   0x00000018   Code   RO         1757    i.HAL_PCD_ResetCallback  usbd_conf.o
    0x08001414   0x0000003c   Code   RO         1758    i.HAL_PCD_ResumeCallback  usbd_conf.o
    0x08001450   0x00000010   Code   RO         1759    i.HAL_PCD_SOFCallback  usbd_conf.o
    0x08001460   0x0000002c   Code   RO          818    i.HAL_PCD_SetAddress  stm32f0xx_hal_pcd.o
    0x0800148c   0x00000016   Code   RO         1760    i.HAL_PCD_SetupStageCallback  usbd_conf.o
    0x080014a2   0x00000012   Code   RO          820    i.HAL_PCD_Start     stm32f0xx_hal_pcd.o
    0x080014b4   0x00000028   Code   RO         1761    i.HAL_PCD_SuspendCallback  usbd_conf.o
    0x080014dc   0x000000e4   Code   RO         1459    i.HAL_RCCEx_PeriphCLKConfig  stm32f0xx_hal_rcc_ex.o
    0x080015c0   0x000001f0   Code   RO         1460    i.HAL_RCC_ClockConfig  stm32f0xx_hal_rcc_ex.o
    0x080017b0   0x00000028   Code   RO         1531    i.HAL_RCC_GetHCLKFreq  stm32f0xx_hal_rcc.o
    0x080017d8   0x00000064   Code   RO         1461    i.HAL_RCC_GetSysClockFreq  stm32f0xx_hal_rcc_ex.o
    0x0800183c   0x0000039c   Code   RO         1462    i.HAL_RCC_OscConfig  stm32f0xx_hal_rcc_ex.o
    0x08001bd8   0x00000018   Code   RO         1124    i.HAL_SYSTICK_CLKSourceConfig  stm32f0xx_hal_cortex.o
    0x08001bf0   0x00000002   Code   RO         1125    i.HAL_SYSTICK_Callback  stm32f0xx_hal_cortex.o
    0x08001bf2   0x00000002   PAD
    0x08001bf4   0x00000030   Code   RO         1126    i.HAL_SYSTICK_Config  stm32f0xx_hal_cortex.o
    0x08001c24   0x00000008   Code   RO         1127    i.HAL_SYSTICK_IRQHandler  stm32f0xx_hal_cortex.o
    0x08001c2c   0x00000026   Code   RO         2023    i.IntToAscii        usbd_desc.o
    0x08001c52   0x00000002   PAD
    0x08001c54   0x00000034   Code   RO         2092    i.MX_USB_DEVICE_Init  usb_device.o
    0x08001c88   0x00000044   Code   RO         1128    i.NVIC_SetPriority  stm32f0xx_hal_cortex.o
    0x08001ccc   0x0000033c   Code   RO          823    i.PCD_EP_ISR_Handler  stm32f0xx_hal_pcd.o
    0x08002008   0x0000001e   Code   RO          824    i.PCD_ReadPMA       stm32f0xx_hal_pcd.o
    0x08002026   0x00000026   Code   RO          825    i.PCD_WritePMA      stm32f0xx_hal_pcd.o
    0x0800204c   0x0000000c   Code   RO         1952    i.SysTick_Handler   stm32f0xx_it.o
    0x08002058   0x00000068   Code   RO         1982    i.SystemClock_Config  main.o
    0x080020c0   0x0000005c   Code   RO          470    i.SystemInit        system_stm32f0xx.o
    0x0800211c   0x0000001e   Code   RO            3    i.USBD_CDC_DataIn   usbd_cdc.o
    0x0800213a   0x00000034   Code   RO            4    i.USBD_CDC_DataOut  usbd_cdc.o
    0x0800216e   0x0000003c   Code   RO            5    i.USBD_CDC_DeInit   usbd_cdc.o
    0x080021aa   0x0000002a   Code   RO            6    i.USBD_CDC_EP0_RxReady  usbd_cdc.o
    0x080021d4   0x0000000c   Code   RO            7    i.USBD_CDC_GetDeviceQualifierDescriptor  usbd_cdc.o
    0x080021e0   0x0000000c   Code   RO            8    i.USBD_CDC_GetFSCfgDesc  usbd_cdc.o
    0x080021ec   0x0000000c   Code   RO            9    i.USBD_CDC_GetHSCfgDesc  usbd_cdc.o
    0x080021f8   0x0000000c   Code   RO           10    i.USBD_CDC_GetOtherSpeedCfgDesc  usbd_cdc.o
    0x08002204   0x0000008a   Code   RO           11    i.USBD_CDC_Init     usbd_cdc.o
    0x0800228e   0x00000038   Code   RO           12    i.USBD_CDC_ReceivePacket  usbd_cdc.o
    0x080022c6   0x00000014   Code   RO           13    i.USBD_CDC_RegisterInterface  usbd_cdc.o
    0x080022da   0x00000014   Code   RO           14    i.USBD_CDC_SetRxBuffer  usbd_cdc.o
    0x080022ee   0x00000016   Code   RO           15    i.USBD_CDC_SetTxBuffer  usbd_cdc.o
    0x08002304   0x00000062   Code   RO           16    i.USBD_CDC_Setup    usbd_cdc.o
    0x08002366   0x00000034   Code   RO           17    i.USBD_CDC_TransmitPacket  usbd_cdc.o
    0x0800239a   0x00000010   Code   RO          216    i.USBD_ClrClassConfig  usbd_core.o
    0x080023aa   0x00000010   Code   RO          413    i.USBD_CtlContinueRx  usbd_ioreq.o
    0x080023ba   0x00000010   Code   RO          414    i.USBD_CtlContinueSendData  usbd_ioreq.o
    0x080023ca   0x00000014   Code   RO          350    i.USBD_CtlError     usbd_ctlreq.o
    0x080023de   0x00000020   Code   RO          415    i.USBD_CtlPrepareRx  usbd_ioreq.o
    0x080023fe   0x00000018   Code   RO          416    i.USBD_CtlReceiveStatus  usbd_ioreq.o
    0x08002416   0x0000001c   Code   RO          417    i.USBD_CtlSendData  usbd_ioreq.o
    0x08002432   0x00000018   Code   RO          418    i.USBD_CtlSendStatus  usbd_ioreq.o
    0x0800244a   0x00000002   PAD
    0x0800244c   0x00000020   Code   RO         2024    i.USBD_FS_ConfigStrDescriptor  usbd_desc.o
    0x0800246c   0x0000000c   Code   RO         2025    i.USBD_FS_DeviceDescriptor  usbd_desc.o
    0x08002478   0x00000024   Code   RO         2026    i.USBD_FS_InterfaceStrDescriptor  usbd_desc.o
    0x0800249c   0x0000000c   Code   RO         2027    i.USBD_FS_LangIDStrDescriptor  usbd_desc.o
    0x080024a8   0x0000001c   Code   RO         2028    i.USBD_FS_ManufacturerStrDescriptor  usbd_desc.o
    0x080024c4   0x00000020   Code   RO         2029    i.USBD_FS_ProductStrDescriptor  usbd_desc.o
    0x080024e4   0x00000040   Code   RO         2030    i.USBD_FS_SerialStrDescriptor  usbd_desc.o
    0x08002524   0x000000e0   Code   RO          351    i.USBD_GetDescriptor  usbd_ctlreq.o
    0x08002604   0x00000044   Code   RO          352    i.USBD_GetString    usbd_ctlreq.o
    0x08002648   0x00000032   Code   RO          218    i.USBD_Init         usbd_core.o
    0x0800267a   0x00000012   Code   RO         1762    i.USBD_LL_ClearStallEP  usbd_conf.o
    0x0800268c   0x00000012   Code   RO         1763    i.USBD_LL_CloseEP   usbd_conf.o
    0x0800269e   0x000000aa   Code   RO          219    i.USBD_LL_DataInStage  usbd_core.o
    0x08002748   0x00000074   Code   RO          220    i.USBD_LL_DataOutStage  usbd_core.o
    0x080027bc   0x00000010   Code   RO         1767    i.USBD_LL_GetRxDataSize  usbd_conf.o
    0x080027cc   0x00000070   Code   RO         1768    i.USBD_LL_Init      usbd_conf.o
    0x0800283c   0x00000024   Code   RO         1769    i.USBD_LL_IsStallEP  usbd_conf.o
    0x08002860   0x00000018   Code   RO         1770    i.USBD_LL_OpenEP    usbd_conf.o
    0x08002878   0x00000012   Code   RO         1771    i.USBD_LL_PrepareReceive  usbd_conf.o
    0x0800288a   0x00000046   Code   RO          225    i.USBD_LL_Reset     usbd_core.o
    0x080028d0   0x0000000c   Code   RO          226    i.USBD_LL_Resume    usbd_core.o
    0x080028dc   0x0000001e   Code   RO          227    i.USBD_LL_SOF       usbd_core.o
    0x080028fa   0x00000006   Code   RO          228    i.USBD_LL_SetSpeed  usbd_core.o
    0x08002900   0x00000012   Code   RO         1772    i.USBD_LL_SetUSBAddress  usbd_conf.o
    0x08002912   0x0000005e   Code   RO          229    i.USBD_LL_SetupStage  usbd_core.o
    0x08002970   0x00000012   Code   RO         1773    i.USBD_LL_StallEP   usbd_conf.o
    0x08002982   0x00000012   Code   RO         1774    i.USBD_LL_Start     usbd_conf.o
    0x08002994   0x00000010   Code   RO          230    i.USBD_LL_Suspend   usbd_core.o
    0x080029a4   0x00000012   Code   RO         1776    i.USBD_LL_Transmit  usbd_conf.o
    0x080029b6   0x00000028   Code   RO          353    i.USBD_ParseSetupRequest  usbd_ctlreq.o
    0x080029de   0x00000016   Code   RO          231    i.USBD_RegisterClass  usbd_core.o
    0x080029f4   0x0000001c   Code   RO          233    i.USBD_SetClassConfig  usbd_core.o
    0x08002a10   0x00000070   Code   RO          354    i.USBD_SetConfig    usbd_ctlreq.o
    0x08002a80   0x0000000a   Code   RO          234    i.USBD_Start        usbd_core.o
    0x08002a8a   0x000000ee   Code   RO          355    i.USBD_StdDevReq    usbd_ctlreq.o
    0x08002b78   0x000000d0   Code   RO          356    i.USBD_StdEPReq     usbd_ctlreq.o
    0x08002c48   0x0000003a   Code   RO          357    i.USBD_StdItfReq    usbd_ctlreq.o
    0x08002c82   0x00000002   Code   RO         1777    i.USBD_static_free  usbd_conf.o
    0x08002c84   0x00000008   Code   RO         1778    i.USBD_static_malloc  usbd_conf.o
    0x08002c8c   0x00000010   Code   RO         1953    i.USB_IRQHandler    stm32f0xx_it.o
    0x08002c9c   0x0000001a   Code   RO          405    i.__ARM_common_switch8  usbd_ctlreq.o
    0x08002cb6   0x0000000e   Code   RO         2326    i.__scatterload_copy  mc_p.l(handlers.o)
    0x08002cc4   0x00000002   Code   RO         2327    i.__scatterload_null  mc_p.l(handlers.o)
    0x08002cc6   0x0000000e   Code   RO         2328    i.__scatterload_zeroinit  mc_p.l(handlers.o)
    0x08002cd4   0x00000034   Code   RO         2150    i.can_disable       can.o
    0x08002d08   0x0000004c   Code   RO         2151    i.can_enable        can.o
    0x08002d54   0x00000020   Code   RO         2152    i.can_init          can.o
    0x08002d74   0x00000020   Code   RO         2153    i.can_rx            can.o
    0x08002d94   0x0000004c   Code   RO         2154    i.can_set_bitrate   can.o
    0x08002de0   0x0000005c   Code   RO         2155    i.can_set_filter    can.o
    0x08002e3c   0x00000020   Code   RO         2156    i.can_set_silent    can.o
    0x08002e5c   0x0000001c   Code   RO         2157    i.can_tx            can.o
    0x08002e78   0x0000002c   Code   RO         2158    i.is_can_msg_pending  can.o
    0x08002ea4   0x00000030   Code   RO         2222    i.led_on            led.o
    0x08002ed4   0x00000034   Code   RO         2223    i.led_process       led.o
    0x08002f08   0x00000104   Code   RO         1983    i.main              main.o
    0x0800300c   0x0000007c   Code   RO         2251    i.parse_command_type  slcan.o
    0x08003088   0x0000009e   Code   RO         2252    i.slcan_parse_frame  slcan.o
    0x08003126   0x00000002   PAD
    0x08003128   0x0000015c   Code   RO         2253    i.slcan_parse_str   slcan.o
    0x08003284   0x00000042   Code   RO         2254    i.switch_bitrate_command  slcan.o
    0x080032c6   0x00000020   Data   RO         1463    .constdata          stm32f0xx_hal_rcc_ex.o
    0x080032e6   0x00000010   Data   RO         1538    .constdata          stm32f0xx_hal_rcc.o
    0x080032f6   0x00000002   PAD
    0x080032f8   0x00000020   Data   RO         2324    Region$$Table       anon$$obj.o


    Execution Region RW_IRAM1 (Base: 0x20000000, Size: 0x00001200, Max: 0x00001800, ABSOLUTE, COMPRESSED[0x000000cc])

    Base Addr    Size         Type   Attr      Idx    E Section Name        Object

    0x20000000   0x000000d7   Data   RW           18    .data               usbd_cdc.o
    0x200000d7   0x00000001   PAD
    0x200000d8   0x00000038   Data   RW           19    .data               usbd_cdc.o
    0x20000110   0x00000001   Data   RW          358    .data               usbd_ctlreq.o
    0x20000111   0x00000003   PAD
    0x20000114   0x00000014   Data   RW          471    .data               system_stm32f0xx.o
    0x20000128   0x00000004   Data   RW         1353    .data               stm32f0xx_hal.o
    0x2000012c   0x00000010   Data   RW         1695    .data               usbd_cdc_if.o
    0x2000013c   0x00000004   Data   RW         1696    .data               usbd_cdc_if.o
    0x20000140   0x00000004   Data   RW         1780    .data               usbd_conf.o
    0x20000144   0x00000003   Data   RW         1985    .data               main.o
    0x20000147   0x00000001   PAD
    0x20000148   0x0000001c   Data   RW         2032    .data               usbd_desc.o
    0x20000164   0x00000016   Data   RW         2033    .data               usbd_desc.o
    0x2000017a   0x00000002   PAD
    0x2000017c   0x00000008   Data   RW         2160    .data               can.o
    0x20000184   0x00000008   Data   RW         2224    .data               led.o
    0x2000018c   0x00000018   Data   RW         2256    .data               slcan.o
    0x200001a4   0x00000100   Zero   RW         1694    .bss                usbd_cdc_if.o
    0x200002a4   0x00000620   Zero   RW         1779    .bss                usbd_conf.o
    0x200008c4   0x00000080   Zero   RW         1984    .bss                main.o
    0x20000944   0x00000200   Zero   RW         2031    .bss                usbd_desc.o
    0x20000b44   0x00000224   Zero   RW         2093    .bss                usb_device.o
    0x20000d68   0x00000064   Zero   RW         2159    .bss                can.o
    0x20000dcc   0x00000034   Zero   RW         2255    .bss                slcan.o
    0x20000e00   0x00000400   Zero   RW         1680    STACK               startup_stm32f042x6.o


==============================================================================

Image component sizes


      Code (inc. data)   RO Data    RW Data    ZI Data      Debug   Object Name

       464         92          0          8        100       4479   can.o
       100         16          0          8          0       1051   led.o
       364         28          0          3        128       2118   main.o
       726         38          0         24         52       4181   slcan.o
        28          8        192          0       1024        584   startup_stm32f042x6.o
       100         12          0          4          0       3490   stm32f0xx_hal.o
      1264         14          0          0          0       3975   stm32f0xx_hal_can.o
       178         28          0          0          0       9591   stm32f0xx_hal_cortex.o
       440         20          0          0          0       2156   stm32f0xx_hal_gpio.o
        82         12          0          0          0       1320   stm32f0xx_hal_msp.o
      3306        146          0          0          0      11759   stm32f0xx_hal_pcd.o
        58          0          0          0          0       1074   stm32f0xx_hal_pcd_ex.o
        40         14         16          0          0       1361   stm32f0xx_hal_rcc.o
      1748         54         32          0          0       5050   stm32f0xx_hal_rcc_ex.o
        28          6          0          0          0        875   stm32f0xx_it.o
        92         14          0         20          0      22233   system_stm32f0xx.o
        52         16          0          0        548        672   usb_device.o
       638         16          0        271          0     209322   usbd_cdc.o
       218         42          0         20        256       6027   usbd_cdc_if.o
       586         40          0          4       1568      11041   usbd_conf.o
       640          0          0          0          0       8356   usbd_core.o
       994         34          0          1          0       6528   usbd_ctlreq.o
       254         82          0         50        512       5235   usbd_desc.o
       140          0          0          0          0       3960   usbd_ioreq.o

    ----------------------------------------------------------------------
     12554        732        274        420       4188     326438   Object Totals
         0          0         32          0          0          0   (incl. Generated)
        14          0          2          7          0          0   (incl. Padding)

    ----------------------------------------------------------------------

      Code (inc. data)   RO Data    RW Data    ZI Data      Debug   Library Member Name

        86          0          0          0          0          0   __dczerorl2.o
         0          0          0          0          0          0   entry.o
         0          0          0          0          0          0   entry10a.o
         0          0          0          0          0          0   entry11a.o
         8          4          0          0          0          0   entry2.o
         4          0          0          0          0          0   entry5.o
         0          0          0          0          0          0   entry7b.o
         0          0          0          0          0          0   entry8b.o
         8          4          0          0          0          0   entry9a.o
        30          0          0          0          0          0   handlers.o
        36          8          0          0          0         68   init.o
        36          0          0          0          0        100   memseta.o
        44          0          0          0          0         72   uidiv.o

    ----------------------------------------------------------------------
       252         16          0          0          0        240   Library Totals
         0          0          0          0          0          0   (incl. Padding)

    ----------------------------------------------------------------------

      Code (inc. data)   RO Data    RW Data    ZI Data      Debug   Library Name

       252         16          0          0          0        240   mc_p.l

    ----------------------------------------------------------------------
       252         16          0          0          0        240   Library Totals

    ----------------------------------------------------------------------

==============================================================================


      Code (inc. data)   RO Data    RW Data    ZI Data      Debug   

     12806        748        274        420       4188     320918   Grand Totals
     12806        748        274        204       4188     320918   ELF Image Totals (compressed)
     12806        748        274        204          0          0   ROM Totals

==============================================================================

    Total RO  Size (Code + RO Data)                13080 (  12.77kB)
    Total RW  Size (RW Data + ZI Data)              4608 (   4.50kB)
    Total ROM Size (Code + RO Data + RW Data)      13284 (  12.97kB)

==============================================================================

